<!doctype html public "-//w3c//dtd html 4.0 transitional//en">
<html><head>
<title>Static Call Graph - [..\OBJ\PWM.axf]</title></head>
<body><HR>
<H1>Static Call Graph for image ..\OBJ\PWM.axf</H1><HR>
<BR><P>#&#060CALLGRAPH&#062# ARM Linker, 5050106: Last Updated: Mon Nov 25 21:08:46 2019
<BR><P>
<H3>Maximum Stack Usage =        360 bytes + Unknown(Functions without stacksize, Cycles, Untraceable Function Pointers)</H3><H3>
Call chain for Maximum Stack Depth:</H3>
__rt_entry_main &rArr; main &rArr; I_Am_Champion &rArr; coordinate_correction &rArr; CorrectValue &rArr; GetXY &rArr; __hardfp_sin &rArr; __ieee754_rem_pio2 &rArr; __aeabi_dmul
<P>
<H3>
Functions with no stack information
</H3><UL>
 <LI><a href="#[172]">__user_initial_stackheap</a>
</UL>
</UL>
<P>
<H3>
Mutually Recursive functions
</H3> <LI><a href="#[1e]">ADC_IRQHandler</a>&nbsp;&nbsp;&nbsp;&rArr;&nbsp;&nbsp;&nbsp;<a href="#[1e]">ADC_IRQHandler</a><BR>
</UL>
<P>
<H3>
Function Pointers
</H3><UL>
 <LI><a href="#[1e]">ADC_IRQHandler</a> from startup_stm32f40_41xxx.o(.text) referenced from startup_stm32f40_41xxx.o(RESET)
 <LI><a href="#[6]">BusFault_Handler</a> from stm32f4xx_it.o(.text) referenced from startup_stm32f40_41xxx.o(RESET)
 <LI><a href="#[20]">CAN1_RX0_IRQHandler</a> from can.o(.text) referenced from startup_stm32f40_41xxx.o(RESET)
 <LI><a href="#[21]">CAN1_RX1_IRQHandler</a> from startup_stm32f40_41xxx.o(.text) referenced from startup_stm32f40_41xxx.o(RESET)
 <LI><a href="#[22]">CAN1_SCE_IRQHandler</a> from startup_stm32f40_41xxx.o(.text) referenced from startup_stm32f40_41xxx.o(RESET)
 <LI><a href="#[1f]">CAN1_TX_IRQHandler</a> from can.o(.text) referenced from startup_stm32f40_41xxx.o(RESET)
 <LI><a href="#[4c]">CAN2_RX0_IRQHandler</a> from can2.o(.text) referenced from startup_stm32f40_41xxx.o(RESET)
 <LI><a href="#[4d]">CAN2_RX1_IRQHandler</a> from startup_stm32f40_41xxx.o(.text) referenced from startup_stm32f40_41xxx.o(RESET)
 <LI><a href="#[4e]">CAN2_SCE_IRQHandler</a> from startup_stm32f40_41xxx.o(.text) referenced from startup_stm32f40_41xxx.o(RESET)
 <LI><a href="#[4b]">CAN2_TX_IRQHandler</a> from can2.o(.text) referenced from startup_stm32f40_41xxx.o(RESET)
 <LI><a href="#[5b]">CRYP_IRQHandler</a> from startup_stm32f40_41xxx.o(.text) referenced from startup_stm32f40_41xxx.o(RESET)
 <LI><a href="#[5a]">DCMI_IRQHandler</a> from startup_stm32f40_41xxx.o(.text) referenced from startup_stm32f40_41xxx.o(RESET)
 <LI><a href="#[17]">DMA1_Stream0_IRQHandler</a> from startup_stm32f40_41xxx.o(.text) referenced from startup_stm32f40_41xxx.o(RESET)
 <LI><a href="#[18]">DMA1_Stream1_IRQHandler</a> from usart3.o(.text) referenced from startup_stm32f40_41xxx.o(RESET)
 <LI><a href="#[19]">DMA1_Stream2_IRQHandler</a> from startup_stm32f40_41xxx.o(.text) referenced from startup_stm32f40_41xxx.o(RESET)
 <LI><a href="#[1a]">DMA1_Stream3_IRQHandler</a> from startup_stm32f40_41xxx.o(.text) referenced from startup_stm32f40_41xxx.o(RESET)
 <LI><a href="#[1b]">DMA1_Stream4_IRQHandler</a> from startup_stm32f40_41xxx.o(.text) referenced from startup_stm32f40_41xxx.o(RESET)
 <LI><a href="#[1c]">DMA1_Stream5_IRQHandler</a> from startup_stm32f40_41xxx.o(.text) referenced from startup_stm32f40_41xxx.o(RESET)
 <LI><a href="#[1d]">DMA1_Stream6_IRQHandler</a> from startup_stm32f40_41xxx.o(.text) referenced from startup_stm32f40_41xxx.o(RESET)
 <LI><a href="#[3b]">DMA1_Stream7_IRQHandler</a> from startup_stm32f40_41xxx.o(.text) referenced from startup_stm32f40_41xxx.o(RESET)
 <LI><a href="#[44]">DMA2_Stream0_IRQHandler</a> from startup_stm32f40_41xxx.o(.text) referenced from startup_stm32f40_41xxx.o(RESET)
 <LI><a href="#[45]">DMA2_Stream1_IRQHandler</a> from startup_stm32f40_41xxx.o(.text) referenced from startup_stm32f40_41xxx.o(RESET)
 <LI><a href="#[46]">DMA2_Stream2_IRQHandler</a> from startup_stm32f40_41xxx.o(.text) referenced from startup_stm32f40_41xxx.o(RESET)
 <LI><a href="#[47]">DMA2_Stream3_IRQHandler</a> from startup_stm32f40_41xxx.o(.text) referenced from startup_stm32f40_41xxx.o(RESET)
 <LI><a href="#[48]">DMA2_Stream4_IRQHandler</a> from startup_stm32f40_41xxx.o(.text) referenced from startup_stm32f40_41xxx.o(RESET)
 <LI><a href="#[50]">DMA2_Stream5_IRQHandler</a> from startup_stm32f40_41xxx.o(.text) referenced from startup_stm32f40_41xxx.o(RESET)
 <LI><a href="#[51]">DMA2_Stream6_IRQHandler</a> from startup_stm32f40_41xxx.o(.text) referenced from startup_stm32f40_41xxx.o(RESET)
 <LI><a href="#[52]">DMA2_Stream7_IRQHandler</a> from startup_stm32f40_41xxx.o(.text) referenced from startup_stm32f40_41xxx.o(RESET)
 <LI><a href="#[9]">DebugMon_Handler</a> from stm32f4xx_it.o(.text) referenced from startup_stm32f40_41xxx.o(RESET)
 <LI><a href="#[49]">ETH_IRQHandler</a> from startup_stm32f40_41xxx.o(.text) referenced from startup_stm32f40_41xxx.o(RESET)
 <LI><a href="#[4a]">ETH_WKUP_IRQHandler</a> from startup_stm32f40_41xxx.o(.text) referenced from startup_stm32f40_41xxx.o(RESET)
 <LI><a href="#[12]">EXTI0_IRQHandler</a> from startup_stm32f40_41xxx.o(.text) referenced from startup_stm32f40_41xxx.o(RESET)
 <LI><a href="#[34]">EXTI15_10_IRQHandler</a> from startup_stm32f40_41xxx.o(.text) referenced from startup_stm32f40_41xxx.o(RESET)
 <LI><a href="#[13]">EXTI1_IRQHandler</a> from startup_stm32f40_41xxx.o(.text) referenced from startup_stm32f40_41xxx.o(RESET)
 <LI><a href="#[14]">EXTI2_IRQHandler</a> from startup_stm32f40_41xxx.o(.text) referenced from startup_stm32f40_41xxx.o(RESET)
 <LI><a href="#[15]">EXTI3_IRQHandler</a> from startup_stm32f40_41xxx.o(.text) referenced from startup_stm32f40_41xxx.o(RESET)
 <LI><a href="#[16]">EXTI4_IRQHandler</a> from startup_stm32f40_41xxx.o(.text) referenced from startup_stm32f40_41xxx.o(RESET)
 <LI><a href="#[23]">EXTI9_5_IRQHandler</a> from startup_stm32f40_41xxx.o(.text) referenced from startup_stm32f40_41xxx.o(RESET)
 <LI><a href="#[10]">FLASH_IRQHandler</a> from startup_stm32f40_41xxx.o(.text) referenced from startup_stm32f40_41xxx.o(RESET)
 <LI><a href="#[5d]">FPU_IRQHandler</a> from startup_stm32f40_41xxx.o(.text) referenced from startup_stm32f40_41xxx.o(RESET)
 <LI><a href="#[3c]">FSMC_IRQHandler</a> from startup_stm32f40_41xxx.o(.text) referenced from startup_stm32f40_41xxx.o(RESET)
 <LI><a href="#[5c]">HASH_RNG_IRQHandler</a> from startup_stm32f40_41xxx.o(.text) referenced from startup_stm32f40_41xxx.o(RESET)
 <LI><a href="#[4]">HardFault_Handler</a> from stm32f4xx_it.o(.text) referenced from startup_stm32f40_41xxx.o(RESET)
 <LI><a href="#[2c]">I2C1_ER_IRQHandler</a> from startup_stm32f40_41xxx.o(.text) referenced from startup_stm32f40_41xxx.o(RESET)
 <LI><a href="#[2b]">I2C1_EV_IRQHandler</a> from startup_stm32f40_41xxx.o(.text) referenced from startup_stm32f40_41xxx.o(RESET)
 <LI><a href="#[2e]">I2C2_ER_IRQHandler</a> from startup_stm32f40_41xxx.o(.text) referenced from startup_stm32f40_41xxx.o(RESET)
 <LI><a href="#[2d]">I2C2_EV_IRQHandler</a> from startup_stm32f40_41xxx.o(.text) referenced from startup_stm32f40_41xxx.o(RESET)
 <LI><a href="#[55]">I2C3_ER_IRQHandler</a> from startup_stm32f40_41xxx.o(.text) referenced from startup_stm32f40_41xxx.o(RESET)
 <LI><a href="#[54]">I2C3_EV_IRQHandler</a> from startup_stm32f40_41xxx.o(.text) referenced from startup_stm32f40_41xxx.o(RESET)
 <LI><a href="#[5]">MemManage_Handler</a> from stm32f4xx_it.o(.text) referenced from startup_stm32f40_41xxx.o(RESET)
 <LI><a href="#[3]">NMI_Handler</a> from stm32f4xx_it.o(.text) referenced from startup_stm32f40_41xxx.o(RESET)
 <LI><a href="#[4f]">OTG_FS_IRQHandler</a> from startup_stm32f40_41xxx.o(.text) referenced from startup_stm32f40_41xxx.o(RESET)
 <LI><a href="#[36]">OTG_FS_WKUP_IRQHandler</a> from startup_stm32f40_41xxx.o(.text) referenced from startup_stm32f40_41xxx.o(RESET)
 <LI><a href="#[57]">OTG_HS_EP1_IN_IRQHandler</a> from startup_stm32f40_41xxx.o(.text) referenced from startup_stm32f40_41xxx.o(RESET)
 <LI><a href="#[56]">OTG_HS_EP1_OUT_IRQHandler</a> from startup_stm32f40_41xxx.o(.text) referenced from startup_stm32f40_41xxx.o(RESET)
 <LI><a href="#[59]">OTG_HS_IRQHandler</a> from startup_stm32f40_41xxx.o(.text) referenced from startup_stm32f40_41xxx.o(RESET)
 <LI><a href="#[58]">OTG_HS_WKUP_IRQHandler</a> from startup_stm32f40_41xxx.o(.text) referenced from startup_stm32f40_41xxx.o(RESET)
 <LI><a href="#[d]">PVD_IRQHandler</a> from startup_stm32f40_41xxx.o(.text) referenced from startup_stm32f40_41xxx.o(RESET)
 <LI><a href="#[a]">PendSV_Handler</a> from stm32f4xx_it.o(.text) referenced from startup_stm32f40_41xxx.o(RESET)
 <LI><a href="#[11]">RCC_IRQHandler</a> from startup_stm32f40_41xxx.o(.text) referenced from startup_stm32f40_41xxx.o(RESET)
 <LI><a href="#[35]">RTC_Alarm_IRQHandler</a> from startup_stm32f40_41xxx.o(.text) referenced from startup_stm32f40_41xxx.o(RESET)
 <LI><a href="#[f]">RTC_WKUP_IRQHandler</a> from startup_stm32f40_41xxx.o(.text) referenced from startup_stm32f40_41xxx.o(RESET)
 <LI><a href="#[2]">Reset_Handler</a> from startup_stm32f40_41xxx.o(.text) referenced from startup_stm32f40_41xxx.o(RESET)
 <LI><a href="#[3d]">SDIO_IRQHandler</a> from startup_stm32f40_41xxx.o(.text) referenced from startup_stm32f40_41xxx.o(RESET)
 <LI><a href="#[2f]">SPI1_IRQHandler</a> from startup_stm32f40_41xxx.o(.text) referenced from startup_stm32f40_41xxx.o(RESET)
 <LI><a href="#[30]">SPI2_IRQHandler</a> from startup_stm32f40_41xxx.o(.text) referenced from startup_stm32f40_41xxx.o(RESET)
 <LI><a href="#[3f]">SPI3_IRQHandler</a> from startup_stm32f40_41xxx.o(.text) referenced from startup_stm32f40_41xxx.o(RESET)
 <LI><a href="#[8]">SVC_Handler</a> from stm32f4xx_it.o(.text) referenced from startup_stm32f40_41xxx.o(RESET)
 <LI><a href="#[b]">SysTick_Handler</a> from stm32f4xx_it.o(.text) referenced from startup_stm32f40_41xxx.o(RESET)
 <LI><a href="#[61]">SystemInit</a> from system_stm32f4xx.o(.text) referenced from startup_stm32f40_41xxx.o(.text)
 <LI><a href="#[e]">TAMP_STAMP_IRQHandler</a> from startup_stm32f40_41xxx.o(.text) referenced from startup_stm32f40_41xxx.o(RESET)
 <LI><a href="#[24]">TIM1_BRK_TIM9_IRQHandler</a> from startup_stm32f40_41xxx.o(.text) referenced from startup_stm32f40_41xxx.o(RESET)
 <LI><a href="#[27]">TIM1_CC_IRQHandler</a> from startup_stm32f40_41xxx.o(.text) referenced from startup_stm32f40_41xxx.o(RESET)
 <LI><a href="#[26]">TIM1_TRG_COM_TIM11_IRQHandler</a> from startup_stm32f40_41xxx.o(.text) referenced from startup_stm32f40_41xxx.o(RESET)
 <LI><a href="#[25]">TIM1_UP_TIM10_IRQHandler</a> from timer2.o(.text) referenced from startup_stm32f40_41xxx.o(RESET)
 <LI><a href="#[28]">TIM2_IRQHandler</a> from timer2.o(.text) referenced from startup_stm32f40_41xxx.o(RESET)
 <LI><a href="#[29]">TIM3_IRQHandler</a> from startup_stm32f40_41xxx.o(.text) referenced from startup_stm32f40_41xxx.o(RESET)
 <LI><a href="#[2a]">TIM4_IRQHandler</a> from startup_stm32f40_41xxx.o(.text) referenced from startup_stm32f40_41xxx.o(RESET)
 <LI><a href="#[3e]">TIM5_IRQHandler</a> from enc.o(.text) referenced from startup_stm32f40_41xxx.o(RESET)
 <LI><a href="#[42]">TIM6_DAC_IRQHandler</a> from startup_stm32f40_41xxx.o(.text) referenced from startup_stm32f40_41xxx.o(RESET)
 <LI><a href="#[43]">TIM7_IRQHandler</a> from startup_stm32f40_41xxx.o(.text) referenced from startup_stm32f40_41xxx.o(RESET)
 <LI><a href="#[37]">TIM8_BRK_TIM12_IRQHandler</a> from startup_stm32f40_41xxx.o(.text) referenced from startup_stm32f40_41xxx.o(RESET)
 <LI><a href="#[3a]">TIM8_CC_IRQHandler</a> from startup_stm32f40_41xxx.o(.text) referenced from startup_stm32f40_41xxx.o(RESET)
 <LI><a href="#[39]">TIM8_TRG_COM_TIM14_IRQHandler</a> from startup_stm32f40_41xxx.o(.text) referenced from startup_stm32f40_41xxx.o(RESET)
 <LI><a href="#[38]">TIM8_UP_TIM13_IRQHandler</a> from startup_stm32f40_41xxx.o(.text) referenced from startup_stm32f40_41xxx.o(RESET)
 <LI><a href="#[40]">UART4_IRQHandler</a> from startup_stm32f40_41xxx.o(.text) referenced from startup_stm32f40_41xxx.o(RESET)
 <LI><a href="#[41]">UART5_IRQHandler</a> from usart3.o(.text) referenced from startup_stm32f40_41xxx.o(RESET)
 <LI><a href="#[31]">USART1_IRQHandler</a> from ops.o(.text) referenced from startup_stm32f40_41xxx.o(RESET)
 <LI><a href="#[32]">USART2_IRQHandler</a> from startup_stm32f40_41xxx.o(.text) referenced from startup_stm32f40_41xxx.o(RESET)
 <LI><a href="#[33]">USART3_IRQHandler</a> from startup_stm32f40_41xxx.o(.text) referenced from startup_stm32f40_41xxx.o(RESET)
 <LI><a href="#[53]">USART6_IRQHandler</a> from startup_stm32f40_41xxx.o(.text) referenced from startup_stm32f40_41xxx.o(RESET)
 <LI><a href="#[7]">UsageFault_Handler</a> from stm32f4xx_it.o(.text) referenced from startup_stm32f40_41xxx.o(RESET)
 <LI><a href="#[c]">WWDG_IRQHandler</a> from startup_stm32f40_41xxx.o(.text) referenced from startup_stm32f40_41xxx.o(RESET)
 <LI><a href="#[63]">__main</a> from __main.o(!!!main) referenced from startup_stm32f40_41xxx.o(.text)
 <LI><a href="#[60]">pid_calculate</a> from pid.o(.text) referenced from pid.o(.text)
 <LI><a href="#[5e]">pid_param_init</a> from pid.o(.text) referenced from pid.o(.text)
 <LI><a href="#[5f]">pid_reset</a> from pid.o(.text) referenced from pid.o(.text)
</UL>
<P>
<H3>
Global Symbols
</H3>
<P><STRONG><a name="[63]"></a>__main</STRONG> (Thumb, 8 bytes, Stack size 0 bytes, __main.o(!!!main))
<BR><BR>[Calls]<UL><LI><a href="#[64]">&gt;&gt;</a>&nbsp;&nbsp;&nbsp;__scatterload
<LI><a href="#[65]">&gt;&gt;</a>&nbsp;&nbsp;&nbsp;__rt_entry
</UL>

<P><STRONG><a name="[64]"></a>__scatterload</STRONG> (Thumb, 0 bytes, Stack size unknown bytes, __scatter.o(!!!scatter))
<BR><BR>[Called By]<UL><LI><a href="#[63]">&gt;&gt;</a>&nbsp;&nbsp;&nbsp;__main
</UL>

<P><STRONG><a name="[66]"></a>__scatterload_rt2</STRONG> (Thumb, 44 bytes, Stack size unknown bytes, __scatter.o(!!!scatter), UNUSED)
<BR><BR>[Calls]<UL><LI><a href="#[65]">&gt;&gt;</a>&nbsp;&nbsp;&nbsp;__rt_entry
</UL>

<P><STRONG><a name="[195]"></a>__scatterload_rt2_thumb_only</STRONG> (Thumb, 0 bytes, Stack size unknown bytes, __scatter.o(!!!scatter), UNUSED)

<P><STRONG><a name="[196]"></a>__scatterload_null</STRONG> (Thumb, 0 bytes, Stack size unknown bytes, __scatter.o(!!!scatter), UNUSED)

<P><STRONG><a name="[197]"></a>__decompress</STRONG> (Thumb, 90 bytes, Stack size unknown bytes, __dczerorl2.o(!!dczerorl2), UNUSED)

<P><STRONG><a name="[198]"></a>__decompress1</STRONG> (Thumb, 0 bytes, Stack size unknown bytes, __dczerorl2.o(!!dczerorl2), UNUSED)

<P><STRONG><a name="[199]"></a>__scatterload_zeroinit</STRONG> (Thumb, 28 bytes, Stack size unknown bytes, __scatter_zi.o(!!handler_zi), UNUSED)

<P><STRONG><a name="[6c]"></a>__rt_lib_init</STRONG> (Thumb, 0 bytes, Stack size unknown bytes, libinit.o(.ARM.Collect$$libinit$$00000000))
<BR><BR>[Called By]<UL><LI><a href="#[6b]">&gt;&gt;</a>&nbsp;&nbsp;&nbsp;__rt_entry_li
</UL>

<P><STRONG><a name="[67]"></a>__rt_lib_init_fp_1</STRONG> (Thumb, 0 bytes, Stack size unknown bytes, libinit2.o(.ARM.Collect$$libinit$$00000001))
<BR><BR>[Calls]<UL><LI><a href="#[68]">&gt;&gt;</a>&nbsp;&nbsp;&nbsp;_fp_init
</UL>

<P><STRONG><a name="[19a]"></a>__rt_lib_init_alloca_1</STRONG> (Thumb, 0 bytes, Stack size unknown bytes, libinit2.o(.ARM.Collect$$libinit$$0000002E))

<P><STRONG><a name="[19b]"></a>__rt_lib_init_argv_1</STRONG> (Thumb, 0 bytes, Stack size unknown bytes, libinit2.o(.ARM.Collect$$libinit$$0000002C))

<P><STRONG><a name="[19c]"></a>__rt_lib_init_atexit_1</STRONG> (Thumb, 0 bytes, Stack size unknown bytes, libinit2.o(.ARM.Collect$$libinit$$0000001B))

<P><STRONG><a name="[19d]"></a>__rt_lib_init_clock_1</STRONG> (Thumb, 0 bytes, Stack size unknown bytes, libinit2.o(.ARM.Collect$$libinit$$00000021))

<P><STRONG><a name="[19e]"></a>__rt_lib_init_cpp_1</STRONG> (Thumb, 0 bytes, Stack size unknown bytes, libinit2.o(.ARM.Collect$$libinit$$00000032))

<P><STRONG><a name="[19f]"></a>__rt_lib_init_exceptions_1</STRONG> (Thumb, 0 bytes, Stack size unknown bytes, libinit2.o(.ARM.Collect$$libinit$$00000030))

<P><STRONG><a name="[1a0]"></a>__rt_lib_init_fp_trap_1</STRONG> (Thumb, 0 bytes, Stack size unknown bytes, libinit2.o(.ARM.Collect$$libinit$$0000001F))

<P><STRONG><a name="[1a1]"></a>__rt_lib_init_getenv_1</STRONG> (Thumb, 0 bytes, Stack size unknown bytes, libinit2.o(.ARM.Collect$$libinit$$00000023))

<P><STRONG><a name="[1a2]"></a>__rt_lib_init_heap_1</STRONG> (Thumb, 0 bytes, Stack size unknown bytes, libinit2.o(.ARM.Collect$$libinit$$0000000A))

<P><STRONG><a name="[1a3]"></a>__rt_lib_init_lc_collate_1</STRONG> (Thumb, 0 bytes, Stack size unknown bytes, libinit2.o(.ARM.Collect$$libinit$$00000011))

<P><STRONG><a name="[1a4]"></a>__rt_lib_init_lc_ctype_1</STRONG> (Thumb, 0 bytes, Stack size unknown bytes, libinit2.o(.ARM.Collect$$libinit$$00000013))

<P><STRONG><a name="[1a5]"></a>__rt_lib_init_lc_monetary_1</STRONG> (Thumb, 0 bytes, Stack size unknown bytes, libinit2.o(.ARM.Collect$$libinit$$00000015))

<P><STRONG><a name="[1a6]"></a>__rt_lib_init_lc_numeric_1</STRONG> (Thumb, 0 bytes, Stack size unknown bytes, libinit2.o(.ARM.Collect$$libinit$$00000017))

<P><STRONG><a name="[1a7]"></a>__rt_lib_init_lc_time_1</STRONG> (Thumb, 0 bytes, Stack size unknown bytes, libinit2.o(.ARM.Collect$$libinit$$00000019))

<P><STRONG><a name="[1a8]"></a>__rt_lib_init_preinit_1</STRONG> (Thumb, 0 bytes, Stack size unknown bytes, libinit2.o(.ARM.Collect$$libinit$$00000004))

<P><STRONG><a name="[1a9]"></a>__rt_lib_init_rand_1</STRONG> (Thumb, 0 bytes, Stack size unknown bytes, libinit2.o(.ARM.Collect$$libinit$$0000000E))

<P><STRONG><a name="[1aa]"></a>__rt_lib_init_return</STRONG> (Thumb, 0 bytes, Stack size unknown bytes, libinit2.o(.ARM.Collect$$libinit$$00000033))

<P><STRONG><a name="[1ab]"></a>__rt_lib_init_signal_1</STRONG> (Thumb, 0 bytes, Stack size unknown bytes, libinit2.o(.ARM.Collect$$libinit$$0000001D))

<P><STRONG><a name="[1ac]"></a>__rt_lib_init_stdio_1</STRONG> (Thumb, 0 bytes, Stack size unknown bytes, libinit2.o(.ARM.Collect$$libinit$$00000025))

<P><STRONG><a name="[1ad]"></a>__rt_lib_init_user_alloc_1</STRONG> (Thumb, 0 bytes, Stack size unknown bytes, libinit2.o(.ARM.Collect$$libinit$$0000000C))

<P><STRONG><a name="[71]"></a>__rt_lib_shutdown</STRONG> (Thumb, 0 bytes, Stack size unknown bytes, libshutdown.o(.ARM.Collect$$libshutdown$$00000000))
<BR><BR>[Called By]<UL><LI><a href="#[70]">&gt;&gt;</a>&nbsp;&nbsp;&nbsp;__rt_exit_ls
</UL>

<P><STRONG><a name="[1ae]"></a>__rt_lib_shutdown_fp_trap_1</STRONG> (Thumb, 0 bytes, Stack size unknown bytes, libshutdown2.o(.ARM.Collect$$libshutdown$$00000006))

<P><STRONG><a name="[1af]"></a>__rt_lib_shutdown_heap_1</STRONG> (Thumb, 0 bytes, Stack size unknown bytes, libshutdown2.o(.ARM.Collect$$libshutdown$$0000000E))

<P><STRONG><a name="[1b0]"></a>__rt_lib_shutdown_return</STRONG> (Thumb, 0 bytes, Stack size unknown bytes, libshutdown2.o(.ARM.Collect$$libshutdown$$0000000F))

<P><STRONG><a name="[1b1]"></a>__rt_lib_shutdown_signal_1</STRONG> (Thumb, 0 bytes, Stack size unknown bytes, libshutdown2.o(.ARM.Collect$$libshutdown$$00000009))

<P><STRONG><a name="[1b2]"></a>__rt_lib_shutdown_stdio_1</STRONG> (Thumb, 0 bytes, Stack size unknown bytes, libshutdown2.o(.ARM.Collect$$libshutdown$$00000003))

<P><STRONG><a name="[1b3]"></a>__rt_lib_shutdown_user_alloc_1</STRONG> (Thumb, 0 bytes, Stack size unknown bytes, libshutdown2.o(.ARM.Collect$$libshutdown$$0000000B))

<P><STRONG><a name="[65]"></a>__rt_entry</STRONG> (Thumb, 0 bytes, Stack size unknown bytes, __rtentry.o(.ARM.Collect$$rtentry$$00000000))
<BR><BR>[Called By]<UL><LI><a href="#[66]">&gt;&gt;</a>&nbsp;&nbsp;&nbsp;__scatterload_rt2
<LI><a href="#[63]">&gt;&gt;</a>&nbsp;&nbsp;&nbsp;__main
</UL>

<P><STRONG><a name="[1b4]"></a>__rt_entry_presh_1</STRONG> (Thumb, 0 bytes, Stack size unknown bytes, __rtentry2.o(.ARM.Collect$$rtentry$$00000002))

<P><STRONG><a name="[69]"></a>__rt_entry_sh</STRONG> (Thumb, 0 bytes, Stack size unknown bytes, __rtentry4.o(.ARM.Collect$$rtentry$$00000004))
<BR><BR>[Stack]<UL><LI>Max Depth = 8 + Unknown Stack Size
<LI>Call Chain = __rt_entry_sh &rArr; __user_setup_stackheap
</UL>
<BR>[Calls]<UL><LI><a href="#[6a]">&gt;&gt;</a>&nbsp;&nbsp;&nbsp;__user_setup_stackheap
</UL>

<P><STRONG><a name="[6b]"></a>__rt_entry_li</STRONG> (Thumb, 0 bytes, Stack size unknown bytes, __rtentry2.o(.ARM.Collect$$rtentry$$0000000A))
<BR><BR>[Calls]<UL><LI><a href="#[6c]">&gt;&gt;</a>&nbsp;&nbsp;&nbsp;__rt_lib_init
</UL>

<P><STRONG><a name="[1b5]"></a>__rt_entry_postsh_1</STRONG> (Thumb, 0 bytes, Stack size unknown bytes, __rtentry2.o(.ARM.Collect$$rtentry$$00000009))

<P><STRONG><a name="[6d]"></a>__rt_entry_main</STRONG> (Thumb, 0 bytes, Stack size unknown bytes, __rtentry2.o(.ARM.Collect$$rtentry$$0000000D))
<BR><BR>[Stack]<UL><LI>Max Depth = 360 + Unknown Stack Size
<LI>Call Chain = __rt_entry_main &rArr; main &rArr; I_Am_Champion &rArr; coordinate_correction &rArr; CorrectValue &rArr; GetXY &rArr; __hardfp_sin &rArr; __ieee754_rem_pio2 &rArr; __aeabi_dmul
</UL>
<BR>[Calls]<UL><LI><a href="#[6e]">&gt;&gt;</a>&nbsp;&nbsp;&nbsp;main
<LI><a href="#[6f]">&gt;&gt;</a>&nbsp;&nbsp;&nbsp;exit
</UL>

<P><STRONG><a name="[1b6]"></a>__rt_entry_postli_1</STRONG> (Thumb, 0 bytes, Stack size unknown bytes, __rtentry2.o(.ARM.Collect$$rtentry$$0000000C))

<P><STRONG><a name="[173]"></a>__rt_exit</STRONG> (Thumb, 0 bytes, Stack size unknown bytes, rtexit.o(.ARM.Collect$$rtexit$$00000000))
<BR><BR>[Called By]<UL><LI><a href="#[6f]">&gt;&gt;</a>&nbsp;&nbsp;&nbsp;exit
</UL>

<P><STRONG><a name="[70]"></a>__rt_exit_ls</STRONG> (Thumb, 0 bytes, Stack size unknown bytes, rtexit2.o(.ARM.Collect$$rtexit$$00000003))
<BR><BR>[Calls]<UL><LI><a href="#[71]">&gt;&gt;</a>&nbsp;&nbsp;&nbsp;__rt_lib_shutdown
</UL>

<P><STRONG><a name="[1b7]"></a>__rt_exit_prels_1</STRONG> (Thumb, 0 bytes, Stack size unknown bytes, rtexit2.o(.ARM.Collect$$rtexit$$00000002))

<P><STRONG><a name="[72]"></a>__rt_exit_exit</STRONG> (Thumb, 0 bytes, Stack size unknown bytes, rtexit2.o(.ARM.Collect$$rtexit$$00000004))
<BR><BR>[Calls]<UL><LI><a href="#[73]">&gt;&gt;</a>&nbsp;&nbsp;&nbsp;_sys_exit
</UL>

<P><STRONG><a name="[6e]"></a>main</STRONG> (Thumb, 1172 bytes, Stack size 16 bytes, main.o(.text))
<BR><BR>[Stack]<UL><LI>Max Depth = 360<LI>Call Chain = main &rArr; I_Am_Champion &rArr; coordinate_correction &rArr; CorrectValue &rArr; GetXY &rArr; __hardfp_sin &rArr; __ieee754_rem_pio2 &rArr; __aeabi_dmul
</UL>
<BR>[Calls]<UL><LI><a href="#[7b]">&gt;&gt;</a>&nbsp;&nbsp;&nbsp;squeeze_ball
<LI><a href="#[77]">&gt;&gt;</a>&nbsp;&nbsp;&nbsp;self_204_init
<LI><a href="#[76]">&gt;&gt;</a>&nbsp;&nbsp;&nbsp;self_203_init
<LI><a href="#[80]">&gt;&gt;</a>&nbsp;&nbsp;&nbsp;rainbow
<LI><a href="#[7c]">&gt;&gt;</a>&nbsp;&nbsp;&nbsp;laser_refersh
<LI><a href="#[78]">&gt;&gt;</a>&nbsp;&nbsp;&nbsp;key_scanf
<LI><a href="#[81]">&gt;&gt;</a>&nbsp;&nbsp;&nbsp;de_ja_vu_5
<LI><a href="#[82]">&gt;&gt;</a>&nbsp;&nbsp;&nbsp;come_and_get_your_love_2
<LI><a href="#[84]">&gt;&gt;</a>&nbsp;&nbsp;&nbsp;codelf
<LI><a href="#[7f]">&gt;&gt;</a>&nbsp;&nbsp;&nbsp;Valar_Morghuils
<LI><a href="#[7e]">&gt;&gt;</a>&nbsp;&nbsp;&nbsp;TIM_SetCompare2
<LI><a href="#[7d]">&gt;&gt;</a>&nbsp;&nbsp;&nbsp;TIM_SetCompare1
<LI><a href="#[85]">&gt;&gt;</a>&nbsp;&nbsp;&nbsp;Ready_to_Endgame_3
<LI><a href="#[87]">&gt;&gt;</a>&nbsp;&nbsp;&nbsp;My_circle
<LI><a href="#[74]">&gt;&gt;</a>&nbsp;&nbsp;&nbsp;Main_Init
<LI><a href="#[7a]">&gt;&gt;</a>&nbsp;&nbsp;&nbsp;LCD_Fill_onecolor
<LI><a href="#[79]">&gt;&gt;</a>&nbsp;&nbsp;&nbsp;LCD_DisplayNum
<LI><a href="#[86]">&gt;&gt;</a>&nbsp;&nbsp;&nbsp;I_Am_Champion
<LI><a href="#[75]">&gt;&gt;</a>&nbsp;&nbsp;&nbsp;GPIO_ReadInputDataBit
<LI><a href="#[83]">&gt;&gt;</a>&nbsp;&nbsp;&nbsp;Escape
</UL>
<BR>[Called By]<UL><LI><a href="#[6d]">&gt;&gt;</a>&nbsp;&nbsp;&nbsp;__rt_entry_main
</UL>

<P><STRONG><a name="[3]"></a>NMI_Handler</STRONG> (Thumb, 2 bytes, Stack size 0 bytes, stm32f4xx_it.o(.text))
<BR>[Address Reference Count : 1]<UL><LI> startup_stm32f40_41xxx.o(RESET)
</UL>
<P><STRONG><a name="[4]"></a>HardFault_Handler</STRONG> (Thumb, 4 bytes, Stack size 0 bytes, stm32f4xx_it.o(.text))
<BR>[Address Reference Count : 1]<UL><LI> startup_stm32f40_41xxx.o(RESET)
</UL>
<P><STRONG><a name="[5]"></a>MemManage_Handler</STRONG> (Thumb, 4 bytes, Stack size 0 bytes, stm32f4xx_it.o(.text))
<BR>[Address Reference Count : 1]<UL><LI> startup_stm32f40_41xxx.o(RESET)
</UL>
<P><STRONG><a name="[6]"></a>BusFault_Handler</STRONG> (Thumb, 4 bytes, Stack size 0 bytes, stm32f4xx_it.o(.text))
<BR>[Address Reference Count : 1]<UL><LI> startup_stm32f40_41xxx.o(RESET)
</UL>
<P><STRONG><a name="[7]"></a>UsageFault_Handler</STRONG> (Thumb, 4 bytes, Stack size 0 bytes, stm32f4xx_it.o(.text))
<BR>[Address Reference Count : 1]<UL><LI> startup_stm32f40_41xxx.o(RESET)
</UL>
<P><STRONG><a name="[8]"></a>SVC_Handler</STRONG> (Thumb, 2 bytes, Stack size 0 bytes, stm32f4xx_it.o(.text))
<BR>[Address Reference Count : 1]<UL><LI> startup_stm32f40_41xxx.o(RESET)
</UL>
<P><STRONG><a name="[9]"></a>DebugMon_Handler</STRONG> (Thumb, 2 bytes, Stack size 0 bytes, stm32f4xx_it.o(.text))
<BR>[Address Reference Count : 1]<UL><LI> startup_stm32f40_41xxx.o(RESET)
</UL>
<P><STRONG><a name="[a]"></a>PendSV_Handler</STRONG> (Thumb, 2 bytes, Stack size 0 bytes, stm32f4xx_it.o(.text))
<BR>[Address Reference Count : 1]<UL><LI> startup_stm32f40_41xxx.o(RESET)
</UL>
<P><STRONG><a name="[b]"></a>SysTick_Handler</STRONG> (Thumb, 2 bytes, Stack size 0 bytes, stm32f4xx_it.o(.text))
<BR>[Address Reference Count : 1]<UL><LI> startup_stm32f40_41xxx.o(RESET)
</UL>
<P><STRONG><a name="[61]"></a>SystemInit</STRONG> (Thumb, 88 bytes, Stack size 8 bytes, system_stm32f4xx.o(.text))
<BR><BR>[Stack]<UL><LI>Max Depth = 20<LI>Call Chain = SystemInit &rArr; SetSysClock
</UL>
<BR>[Calls]<UL><LI><a href="#[88]">&gt;&gt;</a>&nbsp;&nbsp;&nbsp;SetSysClock
</UL>
<BR>[Address Reference Count : 1]<UL><LI> startup_stm32f40_41xxx.o(.text)
</UL>
<P><STRONG><a name="[1b8]"></a>SystemCoreClockUpdate</STRONG> (Thumb, 174 bytes, Stack size 16 bytes, system_stm32f4xx.o(.text), UNUSED)

<P><STRONG><a name="[74]"></a>Main_Init</STRONG> (Thumb, 520 bytes, Stack size 24 bytes, main_init.o(.text))
<BR><BR>[Stack]<UL><LI>Max Depth = 188<LI>Call Chain = Main_Init &rArr; USART3_Config &rArr; USART_Init &rArr; RCC_GetClocksFreq
</UL>
<BR>[Calls]<UL><LI><a href="#[98]">&gt;&gt;</a>&nbsp;&nbsp;&nbsp;usart5_config
<LI><a href="#[8b]">&gt;&gt;</a>&nbsp;&nbsp;&nbsp;uart1_init
<LI><a href="#[93]">&gt;&gt;</a>&nbsp;&nbsp;&nbsp;pid_init
<LI><a href="#[97]">&gt;&gt;</a>&nbsp;&nbsp;&nbsp;delay_ms
<LI><a href="#[8a]">&gt;&gt;</a>&nbsp;&nbsp;&nbsp;delay_init
<LI><a href="#[8c]">&gt;&gt;</a>&nbsp;&nbsp;&nbsp;USART3_Config
<LI><a href="#[96]">&gt;&gt;</a>&nbsp;&nbsp;&nbsp;TIM_SetCompare4
<LI><a href="#[95]">&gt;&gt;</a>&nbsp;&nbsp;&nbsp;TIM_SetCompare3
<LI><a href="#[9b]">&gt;&gt;</a>&nbsp;&nbsp;&nbsp;TIM8_Mode_Config
<LI><a href="#[9e]">&gt;&gt;</a>&nbsp;&nbsp;&nbsp;TIM5_In_Init
<LI><a href="#[9a]">&gt;&gt;</a>&nbsp;&nbsp;&nbsp;TIM4_Mode_Config
<LI><a href="#[94]">&gt;&gt;</a>&nbsp;&nbsp;&nbsp;TIM3_PWM_Init
<LI><a href="#[99]">&gt;&gt;</a>&nbsp;&nbsp;&nbsp;TIM2_Int_Init
<LI><a href="#[9d]">&gt;&gt;</a>&nbsp;&nbsp;&nbsp;TIM10_Int_Init
<LI><a href="#[89]">&gt;&gt;</a>&nbsp;&nbsp;&nbsp;NVIC_PriorityGroupConfig
<LI><a href="#[8e]">&gt;&gt;</a>&nbsp;&nbsp;&nbsp;LED_Init
<LI><a href="#[8d]">&gt;&gt;</a>&nbsp;&nbsp;&nbsp;LCD_Init
<LI><a href="#[9c]">&gt;&gt;</a>&nbsp;&nbsp;&nbsp;LCD_DisplayString
<LI><a href="#[8f]">&gt;&gt;</a>&nbsp;&nbsp;&nbsp;KEY_Init
<LI><a href="#[9f]">&gt;&gt;</a>&nbsp;&nbsp;&nbsp;Clear_All
<LI><a href="#[91]">&gt;&gt;</a>&nbsp;&nbsp;&nbsp;CAN2_Configuration
<LI><a href="#[90]">&gt;&gt;</a>&nbsp;&nbsp;&nbsp;CAN1_Configuration
<LI><a href="#[92]">&gt;&gt;</a>&nbsp;&nbsp;&nbsp;Adc1_Init
<LI><a href="#[7e]">&gt;&gt;</a>&nbsp;&nbsp;&nbsp;TIM_SetCompare2
<LI><a href="#[7d]">&gt;&gt;</a>&nbsp;&nbsp;&nbsp;TIM_SetCompare1
</UL>
<BR>[Called By]<UL><LI><a href="#[6e]">&gt;&gt;</a>&nbsp;&nbsp;&nbsp;main
</UL>

<P><STRONG><a name="[a0]"></a>GetXY</STRONG> (Thumb, 496 bytes, Stack size 56 bytes, ops.o(.text))
<BR><BR>[Stack]<UL><LI>Max Depth = 240<LI>Call Chain = GetXY &rArr; __hardfp_sin &rArr; __ieee754_rem_pio2 &rArr; __aeabi_dmul
</UL>
<BR>[Calls]<UL><LI><a href="#[a2]">&gt;&gt;</a>&nbsp;&nbsp;&nbsp;__hardfp_sin
<LI><a href="#[a4]">&gt;&gt;</a>&nbsp;&nbsp;&nbsp;__hardfp_cos
<LI><a href="#[a1]">&gt;&gt;</a>&nbsp;&nbsp;&nbsp;__aeabi_f2d
<LI><a href="#[a3]">&gt;&gt;</a>&nbsp;&nbsp;&nbsp;__aeabi_dmul
<LI><a href="#[a5]">&gt;&gt;</a>&nbsp;&nbsp;&nbsp;__aeabi_dsub
<LI><a href="#[a7]">&gt;&gt;</a>&nbsp;&nbsp;&nbsp;__aeabi_dadd
<LI><a href="#[a6]">&gt;&gt;</a>&nbsp;&nbsp;&nbsp;__aeabi_d2f
</UL>
<BR>[Called By]<UL><LI><a href="#[ae]">&gt;&gt;</a>&nbsp;&nbsp;&nbsp;CorrectValue
<LI><a href="#[31]">&gt;&gt;</a>&nbsp;&nbsp;&nbsp;USART1_IRQHandler
</UL>

<P><STRONG><a name="[31]"></a>USART1_IRQHandler</STRONG> (Thumb, 304 bytes, Stack size 8 bytes, ops.o(.text))
<BR><BR>[Stack]<UL><LI>Max Depth = 248<LI>Call Chain = USART1_IRQHandler &rArr; GetXY &rArr; __hardfp_sin &rArr; __ieee754_rem_pio2 &rArr; __aeabi_dmul
</UL>
<BR>[Calls]<UL><LI><a href="#[a9]">&gt;&gt;</a>&nbsp;&nbsp;&nbsp;USART_ReceiveData
<LI><a href="#[a8]">&gt;&gt;</a>&nbsp;&nbsp;&nbsp;USART_GetITStatus
<LI><a href="#[a0]">&gt;&gt;</a>&nbsp;&nbsp;&nbsp;GetXY
</UL>
<BR>[Address Reference Count : 1]<UL><LI> startup_stm32f40_41xxx.o(RESET)
</UL>
<P><STRONG><a name="[9f]"></a>Clear_All</STRONG> (Thumb, 52 bytes, Stack size 16 bytes, ops.o(.text))
<BR><BR>[Stack]<UL><LI>Max Depth = 28<LI>Call Chain = Clear_All &rArr; USART_SendData
</UL>
<BR>[Calls]<UL><LI><a href="#[aa]">&gt;&gt;</a>&nbsp;&nbsp;&nbsp;USART_SendData
</UL>
<BR>[Called By]<UL><LI><a href="#[74]">&gt;&gt;</a>&nbsp;&nbsp;&nbsp;Main_Init
</UL>

<P><STRONG><a name="[ab]"></a>CorrectX</STRONG> (Thumb, 110 bytes, Stack size 32 bytes, ops.o(.text), UNUSED)
<BR><BR>[Calls]<UL><LI><a href="#[aa]">&gt;&gt;</a>&nbsp;&nbsp;&nbsp;USART_SendData
<LI><a href="#[97]">&gt;&gt;</a>&nbsp;&nbsp;&nbsp;delay_ms
</UL>

<P><STRONG><a name="[ac]"></a>CorrectY</STRONG> (Thumb, 212 bytes, Stack size 32 bytes, ops.o(.text), UNUSED)
<BR><BR>[Calls]<UL><LI><a href="#[aa]">&gt;&gt;</a>&nbsp;&nbsp;&nbsp;USART_SendData
<LI><a href="#[97]">&gt;&gt;</a>&nbsp;&nbsp;&nbsp;delay_ms
</UL>

<P><STRONG><a name="[ad]"></a>CorrectAngle</STRONG> (Thumb, 164 bytes, Stack size 32 bytes, ops.o(.text), UNUSED)
<BR><BR>[Calls]<UL><LI><a href="#[aa]">&gt;&gt;</a>&nbsp;&nbsp;&nbsp;USART_SendData
<LI><a href="#[97]">&gt;&gt;</a>&nbsp;&nbsp;&nbsp;delay_ms
</UL>

<P><STRONG><a name="[b3]"></a>SetXerror</STRONG> (Thumb, 8 bytes, Stack size 0 bytes, ops.o(.text))
<BR><BR>[Called By]<UL><LI><a href="#[ae]">&gt;&gt;</a>&nbsp;&nbsp;&nbsp;CorrectValue
</UL>

<P><STRONG><a name="[b2]"></a>SetYerror</STRONG> (Thumb, 8 bytes, Stack size 0 bytes, ops.o(.text))
<BR><BR>[Called By]<UL><LI><a href="#[ae]">&gt;&gt;</a>&nbsp;&nbsp;&nbsp;CorrectValue
</UL>

<P><STRONG><a name="[af]"></a>GetDeviation</STRONG> (Thumb, 18 bytes, Stack size 0 bytes, ops.o(.text))
<BR><BR>[Called By]<UL><LI><a href="#[ae]">&gt;&gt;</a>&nbsp;&nbsp;&nbsp;CorrectValue
</UL>

<P><STRONG><a name="[ae]"></a>CorrectValue</STRONG> (Thumb, 214 bytes, Stack size 48 bytes, ops.o(.text))
<BR><BR>[Stack]<UL><LI>Max Depth = 288<LI>Call Chain = CorrectValue &rArr; GetXY &rArr; __hardfp_sin &rArr; __ieee754_rem_pio2 &rArr; __aeabi_dmul
</UL>
<BR>[Calls]<UL><LI><a href="#[af]">&gt;&gt;</a>&nbsp;&nbsp;&nbsp;GetDeviation
<LI><a href="#[b2]">&gt;&gt;</a>&nbsp;&nbsp;&nbsp;SetYerror
<LI><a href="#[b3]">&gt;&gt;</a>&nbsp;&nbsp;&nbsp;SetXerror
<LI><a href="#[a0]">&gt;&gt;</a>&nbsp;&nbsp;&nbsp;GetXY
<LI><a href="#[b0]">&gt;&gt;</a>&nbsp;&nbsp;&nbsp;__hardfp_fabs
<LI><a href="#[a1]">&gt;&gt;</a>&nbsp;&nbsp;&nbsp;__aeabi_f2d
<LI><a href="#[b1]">&gt;&gt;</a>&nbsp;&nbsp;&nbsp;__aeabi_cdcmple
</UL>
<BR>[Called By]<UL><LI><a href="#[128]">&gt;&gt;</a>&nbsp;&nbsp;&nbsp;coordinate_correction
</UL>

<P><STRONG><a name="[94]"></a>TIM3_PWM_Init</STRONG> (Thumb, 276 bytes, Stack size 56 bytes, pwm.o(.text))
<BR><BR>[Stack]<UL><LI>Max Depth = 76<LI>Call Chain = TIM3_PWM_Init &rArr; GPIO_PinAFConfig
</UL>
<BR>[Calls]<UL><LI><a href="#[b8]">&gt;&gt;</a>&nbsp;&nbsp;&nbsp;TIM_TimeBaseInit
<LI><a href="#[c0]">&gt;&gt;</a>&nbsp;&nbsp;&nbsp;TIM_OC4PreloadConfig
<LI><a href="#[bf]">&gt;&gt;</a>&nbsp;&nbsp;&nbsp;TIM_OC4Init
<LI><a href="#[be]">&gt;&gt;</a>&nbsp;&nbsp;&nbsp;TIM_OC3PreloadConfig
<LI><a href="#[bd]">&gt;&gt;</a>&nbsp;&nbsp;&nbsp;TIM_OC3Init
<LI><a href="#[bc]">&gt;&gt;</a>&nbsp;&nbsp;&nbsp;TIM_OC2PreloadConfig
<LI><a href="#[bb]">&gt;&gt;</a>&nbsp;&nbsp;&nbsp;TIM_OC2Init
<LI><a href="#[ba]">&gt;&gt;</a>&nbsp;&nbsp;&nbsp;TIM_OC1PreloadConfig
<LI><a href="#[b9]">&gt;&gt;</a>&nbsp;&nbsp;&nbsp;TIM_OC1Init
<LI><a href="#[c2]">&gt;&gt;</a>&nbsp;&nbsp;&nbsp;TIM_Cmd
<LI><a href="#[c1]">&gt;&gt;</a>&nbsp;&nbsp;&nbsp;TIM_ARRPreloadConfig
<LI><a href="#[b4]">&gt;&gt;</a>&nbsp;&nbsp;&nbsp;RCC_APB1PeriphClockCmd
<LI><a href="#[b5]">&gt;&gt;</a>&nbsp;&nbsp;&nbsp;RCC_AHB1PeriphClockCmd
<LI><a href="#[b6]">&gt;&gt;</a>&nbsp;&nbsp;&nbsp;GPIO_PinAFConfig
<LI><a href="#[b7]">&gt;&gt;</a>&nbsp;&nbsp;&nbsp;GPIO_Init
</UL>
<BR>[Called By]<UL><LI><a href="#[74]">&gt;&gt;</a>&nbsp;&nbsp;&nbsp;Main_Init
</UL>

<P><STRONG><a name="[c3]"></a>TIM9_TIM_Init</STRONG> (Thumb, 86 bytes, Stack size 32 bytes, pwm.o(.text), UNUSED)
<BR><BR>[Calls]<UL><LI><a href="#[b8]">&gt;&gt;</a>&nbsp;&nbsp;&nbsp;TIM_TimeBaseInit
<LI><a href="#[c2]">&gt;&gt;</a>&nbsp;&nbsp;&nbsp;TIM_Cmd
<LI><a href="#[c1]">&gt;&gt;</a>&nbsp;&nbsp;&nbsp;TIM_ARRPreloadConfig
<LI><a href="#[c4]">&gt;&gt;</a>&nbsp;&nbsp;&nbsp;RCC_APB2PeriphClockCmd
<LI><a href="#[c5]">&gt;&gt;</a>&nbsp;&nbsp;&nbsp;NVIC_Init
</UL>

<P><STRONG><a name="[c9]"></a>LCD_WriteReg</STRONG> (Thumb, 10 bytes, Stack size 0 bytes, lcd.o(.text))
<BR><BR>[Called By]<UL><LI><a href="#[d4]">&gt;&gt;</a>&nbsp;&nbsp;&nbsp;LCD_Set_Window
<LI><a href="#[d3]">&gt;&gt;</a>&nbsp;&nbsp;&nbsp;LCD_Color_DrawPoint
<LI><a href="#[cf]">&gt;&gt;</a>&nbsp;&nbsp;&nbsp;LCD_AUTOScan_Dir
<LI><a href="#[ce]">&gt;&gt;</a>&nbsp;&nbsp;&nbsp;LCD_DisplayOff
<LI><a href="#[cd]">&gt;&gt;</a>&nbsp;&nbsp;&nbsp;LCD_DisplayOn
<LI><a href="#[c8]">&gt;&gt;</a>&nbsp;&nbsp;&nbsp;LCD_SetCursor
<LI><a href="#[8d]">&gt;&gt;</a>&nbsp;&nbsp;&nbsp;LCD_Init
</UL>

<P><STRONG><a name="[c6]"></a>LCD_ReadReg</STRONG> (Thumb, 22 bytes, Stack size 8 bytes, lcd.o(.text))
<BR><BR>[Stack]<UL><LI>Max Depth = 8<LI>Call Chain = LCD_ReadReg
</UL>
<BR>[Calls]<UL><LI><a href="#[c7]">&gt;&gt;</a>&nbsp;&nbsp;&nbsp;delay_us
</UL>
<BR>[Called By]<UL><LI><a href="#[8d]">&gt;&gt;</a>&nbsp;&nbsp;&nbsp;LCD_Init
</UL>

<P><STRONG><a name="[d2]"></a>LCD_WriteRAM_Prepare</STRONG> (Thumb, 10 bytes, Stack size 0 bytes, lcd.o(.text))
<BR><BR>[Called By]<UL><LI><a href="#[da]">&gt;&gt;</a>&nbsp;&nbsp;&nbsp;LCD_Draw_Picture
<LI><a href="#[d9]">&gt;&gt;</a>&nbsp;&nbsp;&nbsp;LCD_Clear
<LI><a href="#[d1]">&gt;&gt;</a>&nbsp;&nbsp;&nbsp;LCD_DrawPoint
<LI><a href="#[7a]">&gt;&gt;</a>&nbsp;&nbsp;&nbsp;LCD_Fill_onecolor
</UL>

<P><STRONG><a name="[cb]"></a>lcdm_delay</STRONG> (Thumb, 14 bytes, Stack size 0 bytes, lcd.o(.text), UNUSED)
<BR><BR>[Called By]<UL><LI><a href="#[ca]">&gt;&gt;</a>&nbsp;&nbsp;&nbsp;LCD_GetPoint
</UL>

<P><STRONG><a name="[cc]"></a>LCD_BGRtoRGB</STRONG> (Thumb, 26 bytes, Stack size 12 bytes, lcd.o(.text), UNUSED)
<BR><BR>[Called By]<UL><LI><a href="#[ca]">&gt;&gt;</a>&nbsp;&nbsp;&nbsp;LCD_GetPoint
</UL>

<P><STRONG><a name="[c8]"></a>LCD_SetCursor</STRONG> (Thumb, 96 bytes, Stack size 8 bytes, lcd.o(.text))
<BR><BR>[Stack]<UL><LI>Max Depth = 8<LI>Call Chain = LCD_SetCursor
</UL>
<BR>[Calls]<UL><LI><a href="#[c9]">&gt;&gt;</a>&nbsp;&nbsp;&nbsp;LCD_WriteReg
</UL>
<BR>[Called By]<UL><LI><a href="#[da]">&gt;&gt;</a>&nbsp;&nbsp;&nbsp;LCD_Draw_Picture
<LI><a href="#[d9]">&gt;&gt;</a>&nbsp;&nbsp;&nbsp;LCD_Clear
<LI><a href="#[d4]">&gt;&gt;</a>&nbsp;&nbsp;&nbsp;LCD_Set_Window
<LI><a href="#[d1]">&gt;&gt;</a>&nbsp;&nbsp;&nbsp;LCD_DrawPoint
<LI><a href="#[ca]">&gt;&gt;</a>&nbsp;&nbsp;&nbsp;LCD_GetPoint
<LI><a href="#[7a]">&gt;&gt;</a>&nbsp;&nbsp;&nbsp;LCD_Fill_onecolor
</UL>

<P><STRONG><a name="[ca]"></a>LCD_GetPoint</STRONG> (Thumb, 210 bytes, Stack size 24 bytes, lcd.o(.text), UNUSED)
<BR><BR>[Calls]<UL><LI><a href="#[c8]">&gt;&gt;</a>&nbsp;&nbsp;&nbsp;LCD_SetCursor
<LI><a href="#[cc]">&gt;&gt;</a>&nbsp;&nbsp;&nbsp;LCD_BGRtoRGB
<LI><a href="#[cb]">&gt;&gt;</a>&nbsp;&nbsp;&nbsp;lcdm_delay
</UL>

<P><STRONG><a name="[cd]"></a>LCD_DisplayOn</STRONG> (Thumb, 34 bytes, Stack size 4 bytes, lcd.o(.text), UNUSED)
<BR><BR>[Calls]<UL><LI><a href="#[c9]">&gt;&gt;</a>&nbsp;&nbsp;&nbsp;LCD_WriteReg
</UL>

<P><STRONG><a name="[ce]"></a>LCD_DisplayOff</STRONG> (Thumb, 32 bytes, Stack size 4 bytes, lcd.o(.text), UNUSED)
<BR><BR>[Calls]<UL><LI><a href="#[c9]">&gt;&gt;</a>&nbsp;&nbsp;&nbsp;LCD_WriteReg
</UL>

<P><STRONG><a name="[cf]"></a>LCD_AUTOScan_Dir</STRONG> (Thumb, 348 bytes, Stack size 16 bytes, lcd.o(.text))
<BR><BR>[Stack]<UL><LI>Max Depth = 16<LI>Call Chain = LCD_AUTOScan_Dir
</UL>
<BR>[Calls]<UL><LI><a href="#[c9]">&gt;&gt;</a>&nbsp;&nbsp;&nbsp;LCD_WriteReg
</UL>
<BR>[Called By]<UL><LI><a href="#[d0]">&gt;&gt;</a>&nbsp;&nbsp;&nbsp;LCD_Display_Dir
</UL>

<P><STRONG><a name="[d0]"></a>LCD_Display_Dir</STRONG> (Thumb, 156 bytes, Stack size 8 bytes, lcd.o(.text))
<BR><BR>[Stack]<UL><LI>Max Depth = 24<LI>Call Chain = LCD_Display_Dir &rArr; LCD_AUTOScan_Dir
</UL>
<BR>[Calls]<UL><LI><a href="#[cf]">&gt;&gt;</a>&nbsp;&nbsp;&nbsp;LCD_AUTOScan_Dir
</UL>
<BR>[Called By]<UL><LI><a href="#[8d]">&gt;&gt;</a>&nbsp;&nbsp;&nbsp;LCD_Init
</UL>

<P><STRONG><a name="[d1]"></a>LCD_DrawPoint</STRONG> (Thumb, 66 bytes, Stack size 12 bytes, lcd.o(.text), UNUSED)
<BR><BR>[Calls]<UL><LI><a href="#[c8]">&gt;&gt;</a>&nbsp;&nbsp;&nbsp;LCD_SetCursor
<LI><a href="#[d2]">&gt;&gt;</a>&nbsp;&nbsp;&nbsp;LCD_WriteRAM_Prepare
</UL>
<BR>[Called By]<UL><LI><a href="#[dd]">&gt;&gt;</a>&nbsp;&nbsp;&nbsp;LCD_Draw_Circle
<LI><a href="#[db]">&gt;&gt;</a>&nbsp;&nbsp;&nbsp;LCD_Draw_Line
</UL>

<P><STRONG><a name="[d3]"></a>LCD_Color_DrawPoint</STRONG> (Thumb, 110 bytes, Stack size 12 bytes, lcd.o(.text))
<BR><BR>[Stack]<UL><LI>Max Depth = 12<LI>Call Chain = LCD_Color_DrawPoint
</UL>
<BR>[Calls]<UL><LI><a href="#[c9]">&gt;&gt;</a>&nbsp;&nbsp;&nbsp;LCD_WriteReg
</UL>
<BR>[Called By]<UL><LI><a href="#[de]">&gt;&gt;</a>&nbsp;&nbsp;&nbsp;LCD_DisplayChar
</UL>

<P><STRONG><a name="[d4]"></a>LCD_Set_Window</STRONG> (Thumb, 196 bytes, Stack size 52 bytes, lcd.o(.text), UNUSED)
<BR><BR>[Calls]<UL><LI><a href="#[c8]">&gt;&gt;</a>&nbsp;&nbsp;&nbsp;LCD_SetCursor
<LI><a href="#[c9]">&gt;&gt;</a>&nbsp;&nbsp;&nbsp;LCD_WriteReg
</UL>

<P><STRONG><a name="[d5]"></a>LCD_FSMC_Config</STRONG> (Thumb, 530 bytes, Stack size 128 bytes, lcd.o(.text))
<BR><BR>[Stack]<UL><LI>Max Depth = 148<LI>Call Chain = LCD_FSMC_Config &rArr; GPIO_PinAFConfig
</UL>
<BR>[Calls]<UL><LI><a href="#[d6]">&gt;&gt;</a>&nbsp;&nbsp;&nbsp;RCC_AHB3PeriphClockCmd
<LI><a href="#[d7]">&gt;&gt;</a>&nbsp;&nbsp;&nbsp;FSMC_NORSRAMInit
<LI><a href="#[d8]">&gt;&gt;</a>&nbsp;&nbsp;&nbsp;FSMC_NORSRAMCmd
<LI><a href="#[b5]">&gt;&gt;</a>&nbsp;&nbsp;&nbsp;RCC_AHB1PeriphClockCmd
<LI><a href="#[b6]">&gt;&gt;</a>&nbsp;&nbsp;&nbsp;GPIO_PinAFConfig
<LI><a href="#[b7]">&gt;&gt;</a>&nbsp;&nbsp;&nbsp;GPIO_Init
<LI><a href="#[97]">&gt;&gt;</a>&nbsp;&nbsp;&nbsp;delay_ms
</UL>
<BR>[Called By]<UL><LI><a href="#[8d]">&gt;&gt;</a>&nbsp;&nbsp;&nbsp;LCD_Init
</UL>

<P><STRONG><a name="[d9]"></a>LCD_Clear</STRONG> (Thumb, 50 bytes, Stack size 16 bytes, lcd.o(.text))
<BR><BR>[Stack]<UL><LI>Max Depth = 24<LI>Call Chain = LCD_Clear &rArr; LCD_SetCursor
</UL>
<BR>[Calls]<UL><LI><a href="#[c8]">&gt;&gt;</a>&nbsp;&nbsp;&nbsp;LCD_SetCursor
<LI><a href="#[d2]">&gt;&gt;</a>&nbsp;&nbsp;&nbsp;LCD_WriteRAM_Prepare
</UL>
<BR>[Called By]<UL><LI><a href="#[8d]">&gt;&gt;</a>&nbsp;&nbsp;&nbsp;LCD_Init
</UL>

<P><STRONG><a name="[8d]"></a>LCD_Init</STRONG> (Thumb, 1674 bytes, Stack size 8 bytes, lcd.o(.text))
<BR><BR>[Stack]<UL><LI>Max Depth = 156<LI>Call Chain = LCD_Init &rArr; LCD_FSMC_Config &rArr; GPIO_PinAFConfig
</UL>
<BR>[Calls]<UL><LI><a href="#[d9]">&gt;&gt;</a>&nbsp;&nbsp;&nbsp;LCD_Clear
<LI><a href="#[d5]">&gt;&gt;</a>&nbsp;&nbsp;&nbsp;LCD_FSMC_Config
<LI><a href="#[d0]">&gt;&gt;</a>&nbsp;&nbsp;&nbsp;LCD_Display_Dir
<LI><a href="#[c6]">&gt;&gt;</a>&nbsp;&nbsp;&nbsp;LCD_ReadReg
<LI><a href="#[c9]">&gt;&gt;</a>&nbsp;&nbsp;&nbsp;LCD_WriteReg
<LI><a href="#[97]">&gt;&gt;</a>&nbsp;&nbsp;&nbsp;delay_ms
</UL>
<BR>[Called By]<UL><LI><a href="#[74]">&gt;&gt;</a>&nbsp;&nbsp;&nbsp;Main_Init
</UL>

<P><STRONG><a name="[7a]"></a>LCD_Fill_onecolor</STRONG> (Thumb, 82 bytes, Stack size 36 bytes, lcd.o(.text))
<BR><BR>[Stack]<UL><LI>Max Depth = 44<LI>Call Chain = LCD_Fill_onecolor &rArr; LCD_SetCursor
</UL>
<BR>[Calls]<UL><LI><a href="#[c8]">&gt;&gt;</a>&nbsp;&nbsp;&nbsp;LCD_SetCursor
<LI><a href="#[d2]">&gt;&gt;</a>&nbsp;&nbsp;&nbsp;LCD_WriteRAM_Prepare
</UL>
<BR>[Called By]<UL><LI><a href="#[6e]">&gt;&gt;</a>&nbsp;&nbsp;&nbsp;main
</UL>

<P><STRONG><a name="[da]"></a>LCD_Draw_Picture</STRONG> (Thumb, 94 bytes, Stack size 40 bytes, lcd.o(.text), UNUSED)
<BR><BR>[Calls]<UL><LI><a href="#[c8]">&gt;&gt;</a>&nbsp;&nbsp;&nbsp;LCD_SetCursor
<LI><a href="#[d2]">&gt;&gt;</a>&nbsp;&nbsp;&nbsp;LCD_WriteRAM_Prepare
</UL>

<P><STRONG><a name="[db]"></a>LCD_Draw_Line</STRONG> (Thumb, 176 bytes, Stack size 68 bytes, lcd.o(.text), UNUSED)
<BR><BR>[Calls]<UL><LI><a href="#[d1]">&gt;&gt;</a>&nbsp;&nbsp;&nbsp;LCD_DrawPoint
</UL>
<BR>[Called By]<UL><LI><a href="#[dc]">&gt;&gt;</a>&nbsp;&nbsp;&nbsp;LCD_Draw_Rectangle
</UL>

<P><STRONG><a name="[dc]"></a>LCD_Draw_Rectangle</STRONG> (Thumb, 60 bytes, Stack size 20 bytes, lcd.o(.text), UNUSED)
<BR><BR>[Calls]<UL><LI><a href="#[db]">&gt;&gt;</a>&nbsp;&nbsp;&nbsp;LCD_Draw_Line
</UL>

<P><STRONG><a name="[dd]"></a>LCD_Draw_Circle</STRONG> (Thumb, 152 bytes, Stack size 28 bytes, lcd.o(.text), UNUSED)
<BR><BR>[Calls]<UL><LI><a href="#[d1]">&gt;&gt;</a>&nbsp;&nbsp;&nbsp;LCD_DrawPoint
</UL>

<P><STRONG><a name="[de]"></a>LCD_DisplayChar</STRONG> (Thumb, 230 bytes, Stack size 40 bytes, lcd.o(.text))
<BR><BR>[Stack]<UL><LI>Max Depth = 52<LI>Call Chain = LCD_DisplayChar &rArr; LCD_Color_DrawPoint
</UL>
<BR>[Calls]<UL><LI><a href="#[d3]">&gt;&gt;</a>&nbsp;&nbsp;&nbsp;LCD_Color_DrawPoint
</UL>
<BR>[Called By]<UL><LI><a href="#[9c]">&gt;&gt;</a>&nbsp;&nbsp;&nbsp;LCD_DisplayString
<LI><a href="#[79]">&gt;&gt;</a>&nbsp;&nbsp;&nbsp;LCD_DisplayNum
</UL>

<P><STRONG><a name="[df]"></a>LCD_Pow</STRONG> (Thumb, 22 bytes, Stack size 8 bytes, lcd.o(.text))
<BR><BR>[Stack]<UL><LI>Max Depth = 8<LI>Call Chain = LCD_Pow
</UL>
<BR>[Called By]<UL><LI><a href="#[79]">&gt;&gt;</a>&nbsp;&nbsp;&nbsp;LCD_DisplayNum
</UL>

<P><STRONG><a name="[79]"></a>LCD_DisplayNum</STRONG> (Thumb, 208 bytes, Stack size 56 bytes, lcd.o(.text))
<BR><BR>[Stack]<UL><LI>Max Depth = 108<LI>Call Chain = LCD_DisplayNum &rArr; LCD_DisplayChar &rArr; LCD_Color_DrawPoint
</UL>
<BR>[Calls]<UL><LI><a href="#[df]">&gt;&gt;</a>&nbsp;&nbsp;&nbsp;LCD_Pow
<LI><a href="#[de]">&gt;&gt;</a>&nbsp;&nbsp;&nbsp;LCD_DisplayChar
</UL>
<BR>[Called By]<UL><LI><a href="#[e0]">&gt;&gt;</a>&nbsp;&nbsp;&nbsp;LCD_DisplayNum_color
<LI><a href="#[7f]">&gt;&gt;</a>&nbsp;&nbsp;&nbsp;Valar_Morghuils
<LI><a href="#[6e]">&gt;&gt;</a>&nbsp;&nbsp;&nbsp;main
<LI><a href="#[127]">&gt;&gt;</a>&nbsp;&nbsp;&nbsp;Lengniao_yousa
<LI><a href="#[118]">&gt;&gt;</a>&nbsp;&nbsp;&nbsp;My_ellipse
</UL>

<P><STRONG><a name="[e0]"></a>LCD_DisplayNum_color</STRONG> (Thumb, 78 bytes, Stack size 60 bytes, lcd.o(.text), UNUSED)
<BR><BR>[Calls]<UL><LI><a href="#[79]">&gt;&gt;</a>&nbsp;&nbsp;&nbsp;LCD_DisplayNum
</UL>

<P><STRONG><a name="[9c]"></a>LCD_DisplayString</STRONG> (Thumb, 64 bytes, Stack size 20 bytes, lcd.o(.text))
<BR><BR>[Stack]<UL><LI>Max Depth = 72<LI>Call Chain = LCD_DisplayString &rArr; LCD_DisplayChar &rArr; LCD_Color_DrawPoint
</UL>
<BR>[Calls]<UL><LI><a href="#[de]">&gt;&gt;</a>&nbsp;&nbsp;&nbsp;LCD_DisplayChar
</UL>
<BR>[Called By]<UL><LI><a href="#[e1]">&gt;&gt;</a>&nbsp;&nbsp;&nbsp;LCD_DisplayString_color
<LI><a href="#[7f]">&gt;&gt;</a>&nbsp;&nbsp;&nbsp;Valar_Morghuils
<LI><a href="#[74]">&gt;&gt;</a>&nbsp;&nbsp;&nbsp;Main_Init
</UL>

<P><STRONG><a name="[e1]"></a>LCD_DisplayString_color</STRONG> (Thumb, 68 bytes, Stack size 36 bytes, lcd.o(.text), UNUSED)
<BR><BR>[Calls]<UL><LI><a href="#[9c]">&gt;&gt;</a>&nbsp;&nbsp;&nbsp;LCD_DisplayString
</UL>

<P><STRONG><a name="[7f]"></a>Valar_Morghuils</STRONG> (Thumb, 664 bytes, Stack size 12 bytes, lcd.o(.text))
<BR><BR>[Stack]<UL><LI>Max Depth = 120<LI>Call Chain = Valar_Morghuils &rArr; LCD_DisplayNum &rArr; LCD_DisplayChar &rArr; LCD_Color_DrawPoint
</UL>
<BR>[Calls]<UL><LI><a href="#[9c]">&gt;&gt;</a>&nbsp;&nbsp;&nbsp;LCD_DisplayString
<LI><a href="#[79]">&gt;&gt;</a>&nbsp;&nbsp;&nbsp;LCD_DisplayNum
</UL>
<BR>[Called By]<UL><LI><a href="#[6e]">&gt;&gt;</a>&nbsp;&nbsp;&nbsp;main
</UL>

<P><STRONG><a name="[8e]"></a>LED_Init</STRONG> (Thumb, 104 bytes, Stack size 16 bytes, led.o(.text))
<BR><BR>[Stack]<UL><LI>Max Depth = 36<LI>Call Chain = LED_Init &rArr; GPIO_Init
</UL>
<BR>[Calls]<UL><LI><a href="#[e2]">&gt;&gt;</a>&nbsp;&nbsp;&nbsp;GPIO_SetBits
<LI><a href="#[b5]">&gt;&gt;</a>&nbsp;&nbsp;&nbsp;RCC_AHB1PeriphClockCmd
<LI><a href="#[b7]">&gt;&gt;</a>&nbsp;&nbsp;&nbsp;GPIO_Init
</UL>
<BR>[Called By]<UL><LI><a href="#[74]">&gt;&gt;</a>&nbsp;&nbsp;&nbsp;Main_Init
</UL>

<P><STRONG><a name="[8f]"></a>KEY_Init</STRONG> (Thumb, 120 bytes, Stack size 16 bytes, key.o(.text))
<BR><BR>[Stack]<UL><LI>Max Depth = 36<LI>Call Chain = KEY_Init &rArr; GPIO_Init
</UL>
<BR>[Calls]<UL><LI><a href="#[b5]">&gt;&gt;</a>&nbsp;&nbsp;&nbsp;RCC_AHB1PeriphClockCmd
<LI><a href="#[b7]">&gt;&gt;</a>&nbsp;&nbsp;&nbsp;GPIO_Init
</UL>
<BR>[Called By]<UL><LI><a href="#[74]">&gt;&gt;</a>&nbsp;&nbsp;&nbsp;Main_Init
</UL>

<P><STRONG><a name="[e3]"></a>KEY_Scan</STRONG> (Thumb, 192 bytes, Stack size 8 bytes, key.o(.text), UNUSED)
<BR><BR>[Calls]<UL><LI><a href="#[97]">&gt;&gt;</a>&nbsp;&nbsp;&nbsp;delay_ms
<LI><a href="#[75]">&gt;&gt;</a>&nbsp;&nbsp;&nbsp;GPIO_ReadInputDataBit
</UL>

<P><STRONG><a name="[e4]"></a>KEY_Scan_2</STRONG> (Thumb, 168 bytes, Stack size 8 bytes, key.o(.text))
<BR><BR>[Stack]<UL><LI>Max Depth = 24<LI>Call Chain = KEY_Scan_2 &rArr; delay_ms
</UL>
<BR>[Calls]<UL><LI><a href="#[97]">&gt;&gt;</a>&nbsp;&nbsp;&nbsp;delay_ms
<LI><a href="#[75]">&gt;&gt;</a>&nbsp;&nbsp;&nbsp;GPIO_ReadInputDataBit
</UL>
<BR>[Called By]<UL><LI><a href="#[78]">&gt;&gt;</a>&nbsp;&nbsp;&nbsp;key_scanf
</UL>

<P><STRONG><a name="[78]"></a>key_scanf</STRONG> (Thumb, 146 bytes, Stack size 8 bytes, key.o(.text))
<BR><BR>[Stack]<UL><LI>Max Depth = 32<LI>Call Chain = key_scanf &rArr; KEY_Scan_2 &rArr; delay_ms
</UL>
<BR>[Calls]<UL><LI><a href="#[e4]">&gt;&gt;</a>&nbsp;&nbsp;&nbsp;KEY_Scan_2
</UL>
<BR>[Called By]<UL><LI><a href="#[6e]">&gt;&gt;</a>&nbsp;&nbsp;&nbsp;main
</UL>

<P><STRONG><a name="[8b]"></a>uart1_init</STRONG> (Thumb, 172 bytes, Stack size 40 bytes, usart1.o(.text))
<BR><BR>[Stack]<UL><LI>Max Depth = 108<LI>Call Chain = uart1_init &rArr; USART_Init &rArr; RCC_GetClocksFreq
</UL>
<BR>[Calls]<UL><LI><a href="#[e5]">&gt;&gt;</a>&nbsp;&nbsp;&nbsp;USART_Init
<LI><a href="#[e8]">&gt;&gt;</a>&nbsp;&nbsp;&nbsp;USART_ITConfig
<LI><a href="#[e6]">&gt;&gt;</a>&nbsp;&nbsp;&nbsp;USART_Cmd
<LI><a href="#[e7]">&gt;&gt;</a>&nbsp;&nbsp;&nbsp;USART_ClearFlag
<LI><a href="#[c4]">&gt;&gt;</a>&nbsp;&nbsp;&nbsp;RCC_APB2PeriphClockCmd
<LI><a href="#[b5]">&gt;&gt;</a>&nbsp;&nbsp;&nbsp;RCC_AHB1PeriphClockCmd
<LI><a href="#[c5]">&gt;&gt;</a>&nbsp;&nbsp;&nbsp;NVIC_Init
<LI><a href="#[b6]">&gt;&gt;</a>&nbsp;&nbsp;&nbsp;GPIO_PinAFConfig
<LI><a href="#[b7]">&gt;&gt;</a>&nbsp;&nbsp;&nbsp;GPIO_Init
</UL>
<BR>[Called By]<UL><LI><a href="#[74]">&gt;&gt;</a>&nbsp;&nbsp;&nbsp;Main_Init
</UL>

<P><STRONG><a name="[ea]"></a>uart1SendChar</STRONG> (Thumb, 20 bytes, Stack size 0 bytes, usart1.o(.text), UNUSED)
<BR><BR>[Called By]<UL><LI><a href="#[e9]">&gt;&gt;</a>&nbsp;&nbsp;&nbsp;uart1SendChars
</UL>

<P><STRONG><a name="[e9]"></a>uart1SendChars</STRONG> (Thumb, 26 bytes, Stack size 8 bytes, usart1.o(.text), UNUSED)
<BR><BR>[Calls]<UL><LI><a href="#[ea]">&gt;&gt;</a>&nbsp;&nbsp;&nbsp;uart1SendChar
</UL>

<P><STRONG><a name="[99]"></a>TIM2_Int_Init</STRONG> (Thumb, 90 bytes, Stack size 32 bytes, timer2.o(.text))
<BR><BR>[Stack]<UL><LI>Max Depth = 48<LI>Call Chain = TIM2_Int_Init &rArr; NVIC_Init
</UL>
<BR>[Calls]<UL><LI><a href="#[eb]">&gt;&gt;</a>&nbsp;&nbsp;&nbsp;TIM_ITConfig
<LI><a href="#[b8]">&gt;&gt;</a>&nbsp;&nbsp;&nbsp;TIM_TimeBaseInit
<LI><a href="#[c2]">&gt;&gt;</a>&nbsp;&nbsp;&nbsp;TIM_Cmd
<LI><a href="#[b4]">&gt;&gt;</a>&nbsp;&nbsp;&nbsp;RCC_APB1PeriphClockCmd
<LI><a href="#[c5]">&gt;&gt;</a>&nbsp;&nbsp;&nbsp;NVIC_Init
</UL>
<BR>[Called By]<UL><LI><a href="#[74]">&gt;&gt;</a>&nbsp;&nbsp;&nbsp;Main_Init
</UL>

<P><STRONG><a name="[9d]"></a>TIM10_Int_Init</STRONG> (Thumb, 86 bytes, Stack size 32 bytes, timer2.o(.text))
<BR><BR>[Stack]<UL><LI>Max Depth = 48<LI>Call Chain = TIM10_Int_Init &rArr; NVIC_Init
</UL>
<BR>[Calls]<UL><LI><a href="#[eb]">&gt;&gt;</a>&nbsp;&nbsp;&nbsp;TIM_ITConfig
<LI><a href="#[b8]">&gt;&gt;</a>&nbsp;&nbsp;&nbsp;TIM_TimeBaseInit
<LI><a href="#[c2]">&gt;&gt;</a>&nbsp;&nbsp;&nbsp;TIM_Cmd
<LI><a href="#[c4]">&gt;&gt;</a>&nbsp;&nbsp;&nbsp;RCC_APB2PeriphClockCmd
<LI><a href="#[c5]">&gt;&gt;</a>&nbsp;&nbsp;&nbsp;NVIC_Init
</UL>
<BR>[Called By]<UL><LI><a href="#[74]">&gt;&gt;</a>&nbsp;&nbsp;&nbsp;Main_Init
</UL>

<P><STRONG><a name="[28]"></a>TIM2_IRQHandler</STRONG> (Thumb, 428 bytes, Stack size 32 bytes, timer2.o(.text))
<BR><BR>[Stack]<UL><LI>Max Depth = 104<LI>Call Chain = TIM2_IRQHandler &rArr; __hardfp_sqrt &rArr; _dsqrt &rArr; __fpl_dnaninf
</UL>
<BR>[Calls]<UL><LI><a href="#[ec]">&gt;&gt;</a>&nbsp;&nbsp;&nbsp;TIM_GetITStatus
<LI><a href="#[ee]">&gt;&gt;</a>&nbsp;&nbsp;&nbsp;TIM_ClearITPendingBit
<LI><a href="#[ed]">&gt;&gt;</a>&nbsp;&nbsp;&nbsp;__hardfp_sqrt
<LI><a href="#[a1]">&gt;&gt;</a>&nbsp;&nbsp;&nbsp;__aeabi_f2d
<LI><a href="#[a3]">&gt;&gt;</a>&nbsp;&nbsp;&nbsp;__aeabi_dmul
<LI><a href="#[a6]">&gt;&gt;</a>&nbsp;&nbsp;&nbsp;__aeabi_d2f
</UL>
<BR>[Address Reference Count : 1]<UL><LI> startup_stm32f40_41xxx.o(RESET)
</UL>
<P><STRONG><a name="[25]"></a>TIM1_UP_TIM10_IRQHandler</STRONG> (Thumb, 376 bytes, Stack size 8 bytes, timer2.o(.text))
<BR><BR>[Stack]<UL><LI>Max Depth = 40<LI>Call Chain = TIM1_UP_TIM10_IRQHandler &rArr; Transmit_Motor_Data_can_2 &rArr; CAN_Transmit
</UL>
<BR>[Calls]<UL><LI><a href="#[f0]">&gt;&gt;</a>&nbsp;&nbsp;&nbsp;speed_204_control
<LI><a href="#[ef]">&gt;&gt;</a>&nbsp;&nbsp;&nbsp;speed_203_control
<LI><a href="#[f3]">&gt;&gt;</a>&nbsp;&nbsp;&nbsp;Transmit_Motor_Data_can_2
<LI><a href="#[f2]">&gt;&gt;</a>&nbsp;&nbsp;&nbsp;Transmit_Motor_Data_can2
<LI><a href="#[f1]">&gt;&gt;</a>&nbsp;&nbsp;&nbsp;Transmit_Motor_Data
<LI><a href="#[ec]">&gt;&gt;</a>&nbsp;&nbsp;&nbsp;TIM_GetITStatus
<LI><a href="#[ee]">&gt;&gt;</a>&nbsp;&nbsp;&nbsp;TIM_ClearITPendingBit
</UL>
<BR>[Address Reference Count : 1]<UL><LI> startup_stm32f40_41xxx.o(RESET)
</UL>
<P><STRONG><a name="[1b9]"></a>min</STRONG> (Thumb, 14 bytes, Stack size 0 bytes, fast_math.o(.text), UNUSED)

<P><STRONG><a name="[1ba]"></a>max</STRONG> (Thumb, 14 bytes, Stack size 0 bytes, fast_math.o(.text), UNUSED)

<P><STRONG><a name="[1bb]"></a>f_min</STRONG> (Thumb, 26 bytes, Stack size 0 bytes, fast_math.o(.text), UNUSED)

<P><STRONG><a name="[1bc]"></a>f_max</STRONG> (Thumb, 26 bytes, Stack size 0 bytes, fast_math.o(.text), UNUSED)

<P><STRONG><a name="[1bd]"></a>temp_max</STRONG> (Thumb, 30 bytes, Stack size 0 bytes, fast_math.o(.text), UNUSED)

<P><STRONG><a name="[114]"></a>invSqrt</STRONG> (Thumb, 56 bytes, Stack size 0 bytes, fast_math.o(.text))
<BR><BR>[Called By]<UL><LI><a href="#[113]">&gt;&gt;</a>&nbsp;&nbsp;&nbsp;line_move_control
</UL>

<P><STRONG><a name="[8c]"></a>USART3_Config</STRONG> (Thumb, 272 bytes, Stack size 96 bytes, usart3.o(.text))
<BR><BR>[Stack]<UL><LI>Max Depth = 164<LI>Call Chain = USART3_Config &rArr; USART_Init &rArr; RCC_GetClocksFreq
</UL>
<BR>[Calls]<UL><LI><a href="#[f4]">&gt;&gt;</a>&nbsp;&nbsp;&nbsp;USART_DeInit
<LI><a href="#[f5]">&gt;&gt;</a>&nbsp;&nbsp;&nbsp;USART_DMACmd
<LI><a href="#[f8]">&gt;&gt;</a>&nbsp;&nbsp;&nbsp;DMA_Init
<LI><a href="#[f9]">&gt;&gt;</a>&nbsp;&nbsp;&nbsp;DMA_ITConfig
<LI><a href="#[f6]">&gt;&gt;</a>&nbsp;&nbsp;&nbsp;DMA_GetCmdStatus
<LI><a href="#[f7]">&gt;&gt;</a>&nbsp;&nbsp;&nbsp;DMA_DeInit
<LI><a href="#[fa]">&gt;&gt;</a>&nbsp;&nbsp;&nbsp;DMA_Cmd
<LI><a href="#[e5]">&gt;&gt;</a>&nbsp;&nbsp;&nbsp;USART_Init
<LI><a href="#[e6]">&gt;&gt;</a>&nbsp;&nbsp;&nbsp;USART_Cmd
<LI><a href="#[b4]">&gt;&gt;</a>&nbsp;&nbsp;&nbsp;RCC_APB1PeriphClockCmd
<LI><a href="#[b5]">&gt;&gt;</a>&nbsp;&nbsp;&nbsp;RCC_AHB1PeriphClockCmd
<LI><a href="#[c5]">&gt;&gt;</a>&nbsp;&nbsp;&nbsp;NVIC_Init
<LI><a href="#[b6]">&gt;&gt;</a>&nbsp;&nbsp;&nbsp;GPIO_PinAFConfig
<LI><a href="#[b7]">&gt;&gt;</a>&nbsp;&nbsp;&nbsp;GPIO_Init
</UL>
<BR>[Called By]<UL><LI><a href="#[74]">&gt;&gt;</a>&nbsp;&nbsp;&nbsp;Main_Init
</UL>

<P><STRONG><a name="[18]"></a>DMA1_Stream1_IRQHandler</STRONG> (Thumb, 38 bytes, Stack size 8 bytes, usart3.o(.text))
<BR><BR>[Stack]<UL><LI>Max Depth = 24<LI>Call Chain = DMA1_Stream1_IRQHandler &rArr; DMA_GetITStatus
</UL>
<BR>[Calls]<UL><LI><a href="#[fb]">&gt;&gt;</a>&nbsp;&nbsp;&nbsp;DMA_GetITStatus
<LI><a href="#[fe]">&gt;&gt;</a>&nbsp;&nbsp;&nbsp;DMA_ClearITPendingBit
<LI><a href="#[fd]">&gt;&gt;</a>&nbsp;&nbsp;&nbsp;DMA_ClearFlag
<LI><a href="#[fc]">&gt;&gt;</a>&nbsp;&nbsp;&nbsp;DBUS_Dec
</UL>
<BR>[Address Reference Count : 1]<UL><LI> startup_stm32f40_41xxx.o(RESET)
</UL>
<P><STRONG><a name="[41]"></a>UART5_IRQHandler</STRONG> (Thumb, 114 bytes, Stack size 8 bytes, usart3.o(.text))
<BR><BR>[Stack]<UL><LI>Max Depth = 24<LI>Call Chain = UART5_IRQHandler &rArr; USART_GetITStatus
</UL>
<BR>[Calls]<UL><LI><a href="#[e7]">&gt;&gt;</a>&nbsp;&nbsp;&nbsp;USART_ClearFlag
<LI><a href="#[a9]">&gt;&gt;</a>&nbsp;&nbsp;&nbsp;USART_ReceiveData
<LI><a href="#[a8]">&gt;&gt;</a>&nbsp;&nbsp;&nbsp;USART_GetITStatus
</UL>
<BR>[Address Reference Count : 1]<UL><LI> startup_stm32f40_41xxx.o(RESET)
</UL>
<P><STRONG><a name="[98]"></a>usart5_config</STRONG> (Thumb, 214 bytes, Stack size 40 bytes, usart3.o(.text))
<BR><BR>[Stack]<UL><LI>Max Depth = 108<LI>Call Chain = usart5_config &rArr; USART_Init &rArr; RCC_GetClocksFreq
</UL>
<BR>[Calls]<UL><LI><a href="#[f4]">&gt;&gt;</a>&nbsp;&nbsp;&nbsp;USART_DeInit
<LI><a href="#[e5]">&gt;&gt;</a>&nbsp;&nbsp;&nbsp;USART_Init
<LI><a href="#[e8]">&gt;&gt;</a>&nbsp;&nbsp;&nbsp;USART_ITConfig
<LI><a href="#[e6]">&gt;&gt;</a>&nbsp;&nbsp;&nbsp;USART_Cmd
<LI><a href="#[b4]">&gt;&gt;</a>&nbsp;&nbsp;&nbsp;RCC_APB1PeriphClockCmd
<LI><a href="#[b5]">&gt;&gt;</a>&nbsp;&nbsp;&nbsp;RCC_AHB1PeriphClockCmd
<LI><a href="#[c5]">&gt;&gt;</a>&nbsp;&nbsp;&nbsp;NVIC_Init
<LI><a href="#[b6]">&gt;&gt;</a>&nbsp;&nbsp;&nbsp;GPIO_PinAFConfig
<LI><a href="#[b7]">&gt;&gt;</a>&nbsp;&nbsp;&nbsp;GPIO_Init
</UL>
<BR>[Called By]<UL><LI><a href="#[74]">&gt;&gt;</a>&nbsp;&nbsp;&nbsp;Main_Init
</UL>

<P><STRONG><a name="[9a]"></a>TIM4_Mode_Config</STRONG> (Thumb, 174 bytes, Stack size 40 bytes, enc.o(.text))
<BR><BR>[Stack]<UL><LI>Max Depth = 76<LI>Call Chain = TIM4_Mode_Config &rArr; TIM_ICInit &rArr; TI1_Config
</UL>
<BR>[Calls]<UL><LI><a href="#[eb]">&gt;&gt;</a>&nbsp;&nbsp;&nbsp;TIM_ITConfig
<LI><a href="#[b8]">&gt;&gt;</a>&nbsp;&nbsp;&nbsp;TIM_TimeBaseInit
<LI><a href="#[c2]">&gt;&gt;</a>&nbsp;&nbsp;&nbsp;TIM_Cmd
<LI><a href="#[b4]">&gt;&gt;</a>&nbsp;&nbsp;&nbsp;RCC_APB1PeriphClockCmd
<LI><a href="#[b5]">&gt;&gt;</a>&nbsp;&nbsp;&nbsp;RCC_AHB1PeriphClockCmd
<LI><a href="#[b6]">&gt;&gt;</a>&nbsp;&nbsp;&nbsp;GPIO_PinAFConfig
<LI><a href="#[b7]">&gt;&gt;</a>&nbsp;&nbsp;&nbsp;GPIO_Init
<LI><a href="#[100]">&gt;&gt;</a>&nbsp;&nbsp;&nbsp;TIM_ICStructInit
<LI><a href="#[101]">&gt;&gt;</a>&nbsp;&nbsp;&nbsp;TIM_ICInit
<LI><a href="#[ff]">&gt;&gt;</a>&nbsp;&nbsp;&nbsp;TIM_EncoderInterfaceConfig
<LI><a href="#[102]">&gt;&gt;</a>&nbsp;&nbsp;&nbsp;TIM_ClearFlag
</UL>
<BR>[Called By]<UL><LI><a href="#[74]">&gt;&gt;</a>&nbsp;&nbsp;&nbsp;Main_Init
</UL>

<P><STRONG><a name="[104]"></a>Data_processing_TIM4</STRONG> (Thumb, 122 bytes, Stack size 20 bytes, enc.o(.text))
<BR><BR>[Stack]<UL><LI>Max Depth = 20<LI>Call Chain = Data_processing_TIM4
</UL>
<BR>[Called By]<UL><LI><a href="#[103]">&gt;&gt;</a>&nbsp;&nbsp;&nbsp;Date_encoder_TIM4
</UL>

<P><STRONG><a name="[103]"></a>Date_encoder_TIM4</STRONG> (Thumb, 40 bytes, Stack size 4 bytes, enc.o(.text))
<BR><BR>[Stack]<UL><LI>Max Depth = 24<LI>Call Chain = Date_encoder_TIM4 &rArr; Data_processing_TIM4
</UL>
<BR>[Calls]<UL><LI><a href="#[104]">&gt;&gt;</a>&nbsp;&nbsp;&nbsp;Data_processing_TIM4
</UL>
<BR>[Called By]<UL><LI><a href="#[3e]">&gt;&gt;</a>&nbsp;&nbsp;&nbsp;TIM5_IRQHandler
</UL>

<P><STRONG><a name="[9e]"></a>TIM5_In_Init</STRONG> (Thumb, 88 bytes, Stack size 32 bytes, enc.o(.text))
<BR><BR>[Stack]<UL><LI>Max Depth = 48<LI>Call Chain = TIM5_In_Init &rArr; NVIC_Init
</UL>
<BR>[Calls]<UL><LI><a href="#[eb]">&gt;&gt;</a>&nbsp;&nbsp;&nbsp;TIM_ITConfig
<LI><a href="#[b8]">&gt;&gt;</a>&nbsp;&nbsp;&nbsp;TIM_TimeBaseInit
<LI><a href="#[c2]">&gt;&gt;</a>&nbsp;&nbsp;&nbsp;TIM_Cmd
<LI><a href="#[b4]">&gt;&gt;</a>&nbsp;&nbsp;&nbsp;RCC_APB1PeriphClockCmd
<LI><a href="#[c5]">&gt;&gt;</a>&nbsp;&nbsp;&nbsp;NVIC_Init
</UL>
<BR>[Called By]<UL><LI><a href="#[74]">&gt;&gt;</a>&nbsp;&nbsp;&nbsp;Main_Init
</UL>

<P><STRONG><a name="[106]"></a>Data_processing_TIM8</STRONG> (Thumb, 122 bytes, Stack size 20 bytes, enc.o(.text))
<BR><BR>[Stack]<UL><LI>Max Depth = 20<LI>Call Chain = Data_processing_TIM8
</UL>
<BR>[Called By]<UL><LI><a href="#[105]">&gt;&gt;</a>&nbsp;&nbsp;&nbsp;Date_encoder_TIM8
</UL>

<P><STRONG><a name="[105]"></a>Date_encoder_TIM8</STRONG> (Thumb, 36 bytes, Stack size 4 bytes, enc.o(.text))
<BR><BR>[Stack]<UL><LI>Max Depth = 24<LI>Call Chain = Date_encoder_TIM8 &rArr; Data_processing_TIM8
</UL>
<BR>[Calls]<UL><LI><a href="#[106]">&gt;&gt;</a>&nbsp;&nbsp;&nbsp;Data_processing_TIM8
</UL>
<BR>[Called By]<UL><LI><a href="#[3e]">&gt;&gt;</a>&nbsp;&nbsp;&nbsp;TIM5_IRQHandler
</UL>

<P><STRONG><a name="[3e]"></a>TIM5_IRQHandler</STRONG> (Thumb, 356 bytes, Stack size 24 bytes, enc.o(.text))
<BR><BR>[Stack]<UL><LI>Max Depth = 56<LI>Call Chain = TIM5_IRQHandler &rArr; __aeabi_dmul
</UL>
<BR>[Calls]<UL><LI><a href="#[ec]">&gt;&gt;</a>&nbsp;&nbsp;&nbsp;TIM_GetITStatus
<LI><a href="#[ee]">&gt;&gt;</a>&nbsp;&nbsp;&nbsp;TIM_ClearITPendingBit
<LI><a href="#[96]">&gt;&gt;</a>&nbsp;&nbsp;&nbsp;TIM_SetCompare4
<LI><a href="#[95]">&gt;&gt;</a>&nbsp;&nbsp;&nbsp;TIM_SetCompare3
<LI><a href="#[105]">&gt;&gt;</a>&nbsp;&nbsp;&nbsp;Date_encoder_TIM8
<LI><a href="#[103]">&gt;&gt;</a>&nbsp;&nbsp;&nbsp;Date_encoder_TIM4
<LI><a href="#[a3]">&gt;&gt;</a>&nbsp;&nbsp;&nbsp;__aeabi_dmul
<LI><a href="#[107]">&gt;&gt;</a>&nbsp;&nbsp;&nbsp;__aeabi_i2d
<LI><a href="#[108]">&gt;&gt;</a>&nbsp;&nbsp;&nbsp;__aeabi_d2iz
</UL>
<BR>[Address Reference Count : 1]<UL><LI> startup_stm32f40_41xxx.o(RESET)
</UL>
<P><STRONG><a name="[9b]"></a>TIM8_Mode_Config</STRONG> (Thumb, 288 bytes, Stack size 40 bytes, enc.o(.text))
<BR><BR>[Stack]<UL><LI>Max Depth = 76<LI>Call Chain = TIM8_Mode_Config &rArr; TIM_ICInit &rArr; TI1_Config
</UL>
<BR>[Calls]<UL><LI><a href="#[eb]">&gt;&gt;</a>&nbsp;&nbsp;&nbsp;TIM_ITConfig
<LI><a href="#[b8]">&gt;&gt;</a>&nbsp;&nbsp;&nbsp;TIM_TimeBaseInit
<LI><a href="#[c2]">&gt;&gt;</a>&nbsp;&nbsp;&nbsp;TIM_Cmd
<LI><a href="#[c4]">&gt;&gt;</a>&nbsp;&nbsp;&nbsp;RCC_APB2PeriphClockCmd
<LI><a href="#[b5]">&gt;&gt;</a>&nbsp;&nbsp;&nbsp;RCC_AHB1PeriphClockCmd
<LI><a href="#[b6]">&gt;&gt;</a>&nbsp;&nbsp;&nbsp;GPIO_PinAFConfig
<LI><a href="#[b7]">&gt;&gt;</a>&nbsp;&nbsp;&nbsp;GPIO_Init
<LI><a href="#[100]">&gt;&gt;</a>&nbsp;&nbsp;&nbsp;TIM_ICStructInit
<LI><a href="#[101]">&gt;&gt;</a>&nbsp;&nbsp;&nbsp;TIM_ICInit
<LI><a href="#[ff]">&gt;&gt;</a>&nbsp;&nbsp;&nbsp;TIM_EncoderInterfaceConfig
<LI><a href="#[102]">&gt;&gt;</a>&nbsp;&nbsp;&nbsp;TIM_ClearFlag
</UL>
<BR>[Called By]<UL><LI><a href="#[74]">&gt;&gt;</a>&nbsp;&nbsp;&nbsp;Main_Init
</UL>

<P><STRONG><a name="[109]"></a>Angle_control</STRONG> (Thumb, 306 bytes, Stack size 64 bytes, pid.o(.text))
<BR><BR>[Stack]<UL><LI>Max Depth = 96<LI>Call Chain = Angle_control &rArr; __aeabi_dmul
</UL>
<BR>[Calls]<UL><LI><a href="#[a1]">&gt;&gt;</a>&nbsp;&nbsp;&nbsp;__aeabi_f2d
<LI><a href="#[10a]">&gt;&gt;</a>&nbsp;&nbsp;&nbsp;__aeabi_cdrcmple
<LI><a href="#[a3]">&gt;&gt;</a>&nbsp;&nbsp;&nbsp;__aeabi_dmul
<LI><a href="#[b1]">&gt;&gt;</a>&nbsp;&nbsp;&nbsp;__aeabi_cdcmple
<LI><a href="#[a5]">&gt;&gt;</a>&nbsp;&nbsp;&nbsp;__aeabi_dsub
<LI><a href="#[10b]">&gt;&gt;</a>&nbsp;&nbsp;&nbsp;__aeabi_drsub
<LI><a href="#[a7]">&gt;&gt;</a>&nbsp;&nbsp;&nbsp;__aeabi_dadd
<LI><a href="#[a6]">&gt;&gt;</a>&nbsp;&nbsp;&nbsp;__aeabi_d2f
</UL>
<BR>[Called By]<UL><LI><a href="#[110]">&gt;&gt;</a>&nbsp;&nbsp;&nbsp;M_Back_control
<LI><a href="#[10e]">&gt;&gt;</a>&nbsp;&nbsp;&nbsp;M_Angle_control
</UL>

<P><STRONG><a name="[93]"></a>pid_init</STRONG> (Thumb, 14 bytes, Stack size 0 bytes, pid.o(.text))
<BR><BR>[Called By]<UL><LI><a href="#[74]">&gt;&gt;</a>&nbsp;&nbsp;&nbsp;Main_Init
</UL>

<P><STRONG><a name="[1be]"></a>left_speed_control</STRONG> (Thumb, 156 bytes, Stack size 0 bytes, pid.o(.text), UNUSED)

<P><STRONG><a name="[1bf]"></a>right_speed_control</STRONG> (Thumb, 272 bytes, Stack size 0 bytes, pid.o(.text), UNUSED)

<P><STRONG><a name="[ef]"></a>speed_203_control</STRONG> (Thumb, 144 bytes, Stack size 0 bytes, pid.o(.text))
<BR><BR>[Called By]<UL><LI><a href="#[25]">&gt;&gt;</a>&nbsp;&nbsp;&nbsp;TIM1_UP_TIM10_IRQHandler
</UL>

<P><STRONG><a name="[f0]"></a>speed_204_control</STRONG> (Thumb, 144 bytes, Stack size 0 bytes, pid.o(.text))
<BR><BR>[Called By]<UL><LI><a href="#[25]">&gt;&gt;</a>&nbsp;&nbsp;&nbsp;TIM1_UP_TIM10_IRQHandler
</UL>

<P><STRONG><a name="[1c0]"></a>s_pid_init</STRONG> (Thumb, 48 bytes, Stack size 0 bytes, pid.o(.text), UNUSED)

<P><STRONG><a name="[1c1]"></a>s_pid_calc</STRONG> (Thumb, 434 bytes, Stack size 12 bytes, pid.o(.text), UNUSED)

<P><STRONG><a name="[10c]"></a>closest_wall</STRONG> (Thumb, 272 bytes, Stack size 32 bytes, move_basic.o(.text))
<BR><BR>[Stack]<UL><LI>Max Depth = 64<LI>Call Chain = closest_wall &rArr; __aeabi_cdcmple
</UL>
<BR>[Calls]<UL><LI><a href="#[b0]">&gt;&gt;</a>&nbsp;&nbsp;&nbsp;__hardfp_fabs
<LI><a href="#[a1]">&gt;&gt;</a>&nbsp;&nbsp;&nbsp;__aeabi_f2d
<LI><a href="#[10a]">&gt;&gt;</a>&nbsp;&nbsp;&nbsp;__aeabi_cdrcmple
<LI><a href="#[b1]">&gt;&gt;</a>&nbsp;&nbsp;&nbsp;__aeabi_cdcmple
</UL>
<BR>[Called By]<UL><LI><a href="#[85]">&gt;&gt;</a>&nbsp;&nbsp;&nbsp;Ready_to_Endgame_3
<LI><a href="#[13e]">&gt;&gt;</a>&nbsp;&nbsp;&nbsp;round_fire
<LI><a href="#[13d]">&gt;&gt;</a>&nbsp;&nbsp;&nbsp;sp_escape
<LI><a href="#[12e]">&gt;&gt;</a>&nbsp;&nbsp;&nbsp;To_next_wall
<LI><a href="#[128]">&gt;&gt;</a>&nbsp;&nbsp;&nbsp;coordinate_correction
<LI><a href="#[124]">&gt;&gt;</a>&nbsp;&nbsp;&nbsp;Lingyuan_yousa_2
<LI><a href="#[122]">&gt;&gt;</a>&nbsp;&nbsp;&nbsp;Lingyuan_yousa_1
<LI><a href="#[121]">&gt;&gt;</a>&nbsp;&nbsp;&nbsp;Ready_to_Endgame_4
<LI><a href="#[11e]">&gt;&gt;</a>&nbsp;&nbsp;&nbsp;Ready_to_Endgame_2
<LI><a href="#[10d]">&gt;&gt;</a>&nbsp;&nbsp;&nbsp;All_Function
</UL>

<P><STRONG><a name="[10d]"></a>All_Function</STRONG> (Thumb, 4560 bytes, Stack size 120 bytes, move_basic.o(.text))
<BR><BR>[Stack]<UL><LI>Max Depth = 184<LI>Call Chain = All_Function &rArr; closest_wall &rArr; __aeabi_cdcmple
</UL>
<BR>[Calls]<UL><LI><a href="#[10c]">&gt;&gt;</a>&nbsp;&nbsp;&nbsp;closest_wall
<LI><a href="#[10a]">&gt;&gt;</a>&nbsp;&nbsp;&nbsp;__aeabi_cdrcmple
<LI><a href="#[a3]">&gt;&gt;</a>&nbsp;&nbsp;&nbsp;__aeabi_dmul
<LI><a href="#[108]">&gt;&gt;</a>&nbsp;&nbsp;&nbsp;__aeabi_d2iz
<LI><a href="#[a5]">&gt;&gt;</a>&nbsp;&nbsp;&nbsp;__aeabi_dsub
<LI><a href="#[a7]">&gt;&gt;</a>&nbsp;&nbsp;&nbsp;__aeabi_dadd
</UL>
<BR>[Called By]<UL><LI><a href="#[86]">&gt;&gt;</a>&nbsp;&nbsp;&nbsp;I_Am_Champion
</UL>

<P><STRONG><a name="[10f]"></a>Chassic_vel</STRONG> (Thumb, 44 bytes, Stack size 0 bytes, move_basic.o(.text))
<BR><BR>[Called By]<UL><LI><a href="#[110]">&gt;&gt;</a>&nbsp;&nbsp;&nbsp;M_Back_control
<LI><a href="#[10e]">&gt;&gt;</a>&nbsp;&nbsp;&nbsp;M_Angle_control
</UL>

<P><STRONG><a name="[10e]"></a>M_Angle_control</STRONG> (Thumb, 124 bytes, Stack size 48 bytes, move_basic.o(.text))
<BR><BR>[Stack]<UL><LI>Max Depth = 144<LI>Call Chain = M_Angle_control &rArr; Angle_control &rArr; __aeabi_dmul
</UL>
<BR>[Calls]<UL><LI><a href="#[10f]">&gt;&gt;</a>&nbsp;&nbsp;&nbsp;Chassic_vel
<LI><a href="#[109]">&gt;&gt;</a>&nbsp;&nbsp;&nbsp;Angle_control
<LI><a href="#[a1]">&gt;&gt;</a>&nbsp;&nbsp;&nbsp;__aeabi_f2d
<LI><a href="#[a3]">&gt;&gt;</a>&nbsp;&nbsp;&nbsp;__aeabi_dmul
<LI><a href="#[108]">&gt;&gt;</a>&nbsp;&nbsp;&nbsp;__aeabi_d2iz
</UL>
<BR>[Called By]<UL><LI><a href="#[85]">&gt;&gt;</a>&nbsp;&nbsp;&nbsp;Ready_to_Endgame_3
<LI><a href="#[87]">&gt;&gt;</a>&nbsp;&nbsp;&nbsp;My_circle
<LI><a href="#[120]">&gt;&gt;</a>&nbsp;&nbsp;&nbsp;laser_line
<LI><a href="#[11e]">&gt;&gt;</a>&nbsp;&nbsp;&nbsp;Ready_to_Endgame_2
<LI><a href="#[11b]">&gt;&gt;</a>&nbsp;&nbsp;&nbsp;clear_edge
<LI><a href="#[118]">&gt;&gt;</a>&nbsp;&nbsp;&nbsp;My_ellipse
<LI><a href="#[113]">&gt;&gt;</a>&nbsp;&nbsp;&nbsp;line_move_control
</UL>

<P><STRONG><a name="[110]"></a>M_Back_control</STRONG> (Thumb, 124 bytes, Stack size 48 bytes, move_basic.o(.text))
<BR><BR>[Stack]<UL><LI>Max Depth = 144<LI>Call Chain = M_Back_control &rArr; Angle_control &rArr; __aeabi_dmul
</UL>
<BR>[Calls]<UL><LI><a href="#[10f]">&gt;&gt;</a>&nbsp;&nbsp;&nbsp;Chassic_vel
<LI><a href="#[109]">&gt;&gt;</a>&nbsp;&nbsp;&nbsp;Angle_control
<LI><a href="#[a1]">&gt;&gt;</a>&nbsp;&nbsp;&nbsp;__aeabi_f2d
<LI><a href="#[a3]">&gt;&gt;</a>&nbsp;&nbsp;&nbsp;__aeabi_dmul
<LI><a href="#[108]">&gt;&gt;</a>&nbsp;&nbsp;&nbsp;__aeabi_d2iz
</UL>
<BR>[Called By]<UL><LI><a href="#[86]">&gt;&gt;</a>&nbsp;&nbsp;&nbsp;I_Am_Champion
<LI><a href="#[83]">&gt;&gt;</a>&nbsp;&nbsp;&nbsp;Escape
<LI><a href="#[13d]">&gt;&gt;</a>&nbsp;&nbsp;&nbsp;sp_escape
<LI><a href="#[117]">&gt;&gt;</a>&nbsp;&nbsp;&nbsp;My_back_circle
<LI><a href="#[115]">&gt;&gt;</a>&nbsp;&nbsp;&nbsp;back_line_control
</UL>

<P><STRONG><a name="[111]"></a>Angle_generator</STRONG> (Thumb, 324 bytes, Stack size 32 bytes, move_basic.o(.text))
<BR><BR>[Stack]<UL><LI>Max Depth = 48<LI>Call Chain = Angle_generator &rArr; __hardfp_atanf
</UL>
<BR>[Calls]<UL><LI><a href="#[112]">&gt;&gt;</a>&nbsp;&nbsp;&nbsp;__hardfp_atanf
</UL>
<BR>[Called By]<UL><LI><a href="#[87]">&gt;&gt;</a>&nbsp;&nbsp;&nbsp;My_circle
<LI><a href="#[127]">&gt;&gt;</a>&nbsp;&nbsp;&nbsp;Lengniao_yousa
<LI><a href="#[126]">&gt;&gt;</a>&nbsp;&nbsp;&nbsp;Lengniao_yousa_2
<LI><a href="#[124]">&gt;&gt;</a>&nbsp;&nbsp;&nbsp;Lingyuan_yousa_2
<LI><a href="#[122]">&gt;&gt;</a>&nbsp;&nbsp;&nbsp;Lingyuan_yousa_1
<LI><a href="#[117]">&gt;&gt;</a>&nbsp;&nbsp;&nbsp;My_back_circle
<LI><a href="#[115]">&gt;&gt;</a>&nbsp;&nbsp;&nbsp;back_line_control
<LI><a href="#[113]">&gt;&gt;</a>&nbsp;&nbsp;&nbsp;line_move_control
</UL>

<P><STRONG><a name="[113]"></a>line_move_control</STRONG> (Thumb, 882 bytes, Stack size 56 bytes, move_basic.o(.text))
<BR><BR>[Stack]<UL><LI>Max Depth = 200<LI>Call Chain = line_move_control &rArr; M_Angle_control &rArr; Angle_control &rArr; __aeabi_dmul
</UL>
<BR>[Calls]<UL><LI><a href="#[114]">&gt;&gt;</a>&nbsp;&nbsp;&nbsp;invSqrt
<LI><a href="#[111]">&gt;&gt;</a>&nbsp;&nbsp;&nbsp;Angle_generator
<LI><a href="#[10e]">&gt;&gt;</a>&nbsp;&nbsp;&nbsp;M_Angle_control
<LI><a href="#[b0]">&gt;&gt;</a>&nbsp;&nbsp;&nbsp;__hardfp_fabs
<LI><a href="#[a1]">&gt;&gt;</a>&nbsp;&nbsp;&nbsp;__aeabi_f2d
<LI><a href="#[a6]">&gt;&gt;</a>&nbsp;&nbsp;&nbsp;__aeabi_d2f
</UL>
<BR>[Called By]<UL><LI><a href="#[138]">&gt;&gt;</a>&nbsp;&nbsp;&nbsp;Arbitrary_square
<LI><a href="#[133]">&gt;&gt;</a>&nbsp;&nbsp;&nbsp;Compound_polygon_3
<LI><a href="#[132]">&gt;&gt;</a>&nbsp;&nbsp;&nbsp;Compound_polygon_2
<LI><a href="#[131]">&gt;&gt;</a>&nbsp;&nbsp;&nbsp;Compound_polygon
<LI><a href="#[130]">&gt;&gt;</a>&nbsp;&nbsp;&nbsp;Tilted_rect_2
<LI><a href="#[12f]">&gt;&gt;</a>&nbsp;&nbsp;&nbsp;Tilted_rect
<LI><a href="#[11c]">&gt;&gt;</a>&nbsp;&nbsp;&nbsp;clear_edge_2
<LI><a href="#[11b]">&gt;&gt;</a>&nbsp;&nbsp;&nbsp;clear_edge
</UL>

<P><STRONG><a name="[115]"></a>back_line_control</STRONG> (Thumb, 710 bytes, Stack size 56 bytes, move_basic.o(.text), UNUSED)
<BR><BR>[Calls]<UL><LI><a href="#[111]">&gt;&gt;</a>&nbsp;&nbsp;&nbsp;Angle_generator
<LI><a href="#[110]">&gt;&gt;</a>&nbsp;&nbsp;&nbsp;M_Back_control
<LI><a href="#[b0]">&gt;&gt;</a>&nbsp;&nbsp;&nbsp;__hardfp_fabs
<LI><a href="#[a1]">&gt;&gt;</a>&nbsp;&nbsp;&nbsp;__aeabi_f2d
<LI><a href="#[a6]">&gt;&gt;</a>&nbsp;&nbsp;&nbsp;__aeabi_d2f
</UL>

<P><STRONG><a name="[87]"></a>My_circle</STRONG> (Thumb, 284 bytes, Stack size 72 bytes, move_basic.o(.text))
<BR><BR>[Stack]<UL><LI>Max Depth = 216<LI>Call Chain = My_circle &rArr; M_Angle_control &rArr; Angle_control &rArr; __aeabi_dmul
</UL>
<BR>[Calls]<UL><LI><a href="#[111]">&gt;&gt;</a>&nbsp;&nbsp;&nbsp;Angle_generator
<LI><a href="#[10e]">&gt;&gt;</a>&nbsp;&nbsp;&nbsp;M_Angle_control
<LI><a href="#[ed]">&gt;&gt;</a>&nbsp;&nbsp;&nbsp;__hardfp_sqrt
<LI><a href="#[a1]">&gt;&gt;</a>&nbsp;&nbsp;&nbsp;__aeabi_f2d
<LI><a href="#[116]">&gt;&gt;</a>&nbsp;&nbsp;&nbsp;__aeabi_ui2d
<LI><a href="#[a5]">&gt;&gt;</a>&nbsp;&nbsp;&nbsp;__aeabi_dsub
<LI><a href="#[a6]">&gt;&gt;</a>&nbsp;&nbsp;&nbsp;__aeabi_d2f
</UL>
<BR>[Called By]<UL><LI><a href="#[80]">&gt;&gt;</a>&nbsp;&nbsp;&nbsp;rainbow
<LI><a href="#[81]">&gt;&gt;</a>&nbsp;&nbsp;&nbsp;de_ja_vu_5
<LI><a href="#[85]">&gt;&gt;</a>&nbsp;&nbsp;&nbsp;Ready_to_Endgame_3
<LI><a href="#[83]">&gt;&gt;</a>&nbsp;&nbsp;&nbsp;Escape
<LI><a href="#[6e]">&gt;&gt;</a>&nbsp;&nbsp;&nbsp;main
<LI><a href="#[13f]">&gt;&gt;</a>&nbsp;&nbsp;&nbsp;rainbow_2
<LI><a href="#[13e]">&gt;&gt;</a>&nbsp;&nbsp;&nbsp;round_fire
<LI><a href="#[13d]">&gt;&gt;</a>&nbsp;&nbsp;&nbsp;sp_escape
<LI><a href="#[139]">&gt;&gt;</a>&nbsp;&nbsp;&nbsp;Laser_edge
<LI><a href="#[134]">&gt;&gt;</a>&nbsp;&nbsp;&nbsp;advanced_walking
<LI><a href="#[130]">&gt;&gt;</a>&nbsp;&nbsp;&nbsp;Tilted_rect_2
<LI><a href="#[12f]">&gt;&gt;</a>&nbsp;&nbsp;&nbsp;Tilted_rect
<LI><a href="#[12e]">&gt;&gt;</a>&nbsp;&nbsp;&nbsp;To_next_wall
<LI><a href="#[12d]">&gt;&gt;</a>&nbsp;&nbsp;&nbsp;de_ja_vu_4
<LI><a href="#[121]">&gt;&gt;</a>&nbsp;&nbsp;&nbsp;Ready_to_Endgame_4
<LI><a href="#[11e]">&gt;&gt;</a>&nbsp;&nbsp;&nbsp;Ready_to_Endgame_2
<LI><a href="#[11d]">&gt;&gt;</a>&nbsp;&nbsp;&nbsp;De_ja_vu
</UL>

<P><STRONG><a name="[117]"></a>My_back_circle</STRONG> (Thumb, 288 bytes, Stack size 72 bytes, move_basic.o(.text), UNUSED)
<BR><BR>[Calls]<UL><LI><a href="#[111]">&gt;&gt;</a>&nbsp;&nbsp;&nbsp;Angle_generator
<LI><a href="#[110]">&gt;&gt;</a>&nbsp;&nbsp;&nbsp;M_Back_control
<LI><a href="#[ed]">&gt;&gt;</a>&nbsp;&nbsp;&nbsp;__hardfp_sqrt
<LI><a href="#[a1]">&gt;&gt;</a>&nbsp;&nbsp;&nbsp;__aeabi_f2d
<LI><a href="#[116]">&gt;&gt;</a>&nbsp;&nbsp;&nbsp;__aeabi_ui2d
<LI><a href="#[a5]">&gt;&gt;</a>&nbsp;&nbsp;&nbsp;__aeabi_dsub
<LI><a href="#[a6]">&gt;&gt;</a>&nbsp;&nbsp;&nbsp;__aeabi_d2f
</UL>

<P><STRONG><a name="[118]"></a>My_ellipse</STRONG> (Thumb, 1386 bytes, Stack size 104 bytes, move_basic.o(.text), UNUSED)
<BR><BR>[Calls]<UL><LI><a href="#[79]">&gt;&gt;</a>&nbsp;&nbsp;&nbsp;LCD_DisplayNum
<LI><a href="#[10e]">&gt;&gt;</a>&nbsp;&nbsp;&nbsp;M_Angle_control
<LI><a href="#[ed]">&gt;&gt;</a>&nbsp;&nbsp;&nbsp;__hardfp_sqrt
<LI><a href="#[119]">&gt;&gt;</a>&nbsp;&nbsp;&nbsp;__hardfp_atan
<LI><a href="#[a1]">&gt;&gt;</a>&nbsp;&nbsp;&nbsp;__aeabi_f2d
<LI><a href="#[a3]">&gt;&gt;</a>&nbsp;&nbsp;&nbsp;__aeabi_dmul
<LI><a href="#[a6]">&gt;&gt;</a>&nbsp;&nbsp;&nbsp;__aeabi_d2f
</UL>

<P><STRONG><a name="[84]"></a>codelf</STRONG> (Thumb, 148 bytes, Stack size 0 bytes, move_basic.o(.text))
<BR><BR>[Called By]<UL><LI><a href="#[6e]">&gt;&gt;</a>&nbsp;&nbsp;&nbsp;main
<LI><a href="#[11a]">&gt;&gt;</a>&nbsp;&nbsp;&nbsp;get_circle_num
</UL>

<P><STRONG><a name="[11a]"></a>get_circle_num</STRONG> (Thumb, 1452 bytes, Stack size 4 bytes, move_basic.o(.text))
<BR><BR>[Stack]<UL><LI>Max Depth = 4<LI>Call Chain = get_circle_num
</UL>
<BR>[Calls]<UL><LI><a href="#[84]">&gt;&gt;</a>&nbsp;&nbsp;&nbsp;codelf
</UL>
<BR>[Called By]<UL><LI><a href="#[80]">&gt;&gt;</a>&nbsp;&nbsp;&nbsp;rainbow
<LI><a href="#[81]">&gt;&gt;</a>&nbsp;&nbsp;&nbsp;de_ja_vu_5
<LI><a href="#[13f]">&gt;&gt;</a>&nbsp;&nbsp;&nbsp;rainbow_2
<LI><a href="#[134]">&gt;&gt;</a>&nbsp;&nbsp;&nbsp;advanced_walking
<LI><a href="#[12d]">&gt;&gt;</a>&nbsp;&nbsp;&nbsp;de_ja_vu_4
<LI><a href="#[12c]">&gt;&gt;</a>&nbsp;&nbsp;&nbsp;De_ja_vu_2
</UL>

<P><STRONG><a name="[83]"></a>Escape</STRONG> (Thumb, 916 bytes, Stack size 40 bytes, move_basic.o(.text))
<BR><BR>[Stack]<UL><LI>Max Depth = 256<LI>Call Chain = Escape &rArr; My_circle &rArr; M_Angle_control &rArr; Angle_control &rArr; __aeabi_dmul
</UL>
<BR>[Calls]<UL><LI><a href="#[87]">&gt;&gt;</a>&nbsp;&nbsp;&nbsp;My_circle
<LI><a href="#[110]">&gt;&gt;</a>&nbsp;&nbsp;&nbsp;M_Back_control
<LI><a href="#[ed]">&gt;&gt;</a>&nbsp;&nbsp;&nbsp;__hardfp_sqrt
<LI><a href="#[a1]">&gt;&gt;</a>&nbsp;&nbsp;&nbsp;__aeabi_f2d
<LI><a href="#[a6]">&gt;&gt;</a>&nbsp;&nbsp;&nbsp;__aeabi_d2f
</UL>
<BR>[Called By]<UL><LI><a href="#[6e]">&gt;&gt;</a>&nbsp;&nbsp;&nbsp;main
</UL>

<P><STRONG><a name="[11b]"></a>clear_edge</STRONG> (Thumb, 1056 bytes, Stack size 16 bytes, move_basic.o(.text))
<BR><BR>[Stack]<UL><LI>Max Depth = 216<LI>Call Chain = clear_edge &rArr; line_move_control &rArr; M_Angle_control &rArr; Angle_control &rArr; __aeabi_dmul
</UL>
<BR>[Calls]<UL><LI><a href="#[113]">&gt;&gt;</a>&nbsp;&nbsp;&nbsp;line_move_control
<LI><a href="#[10e]">&gt;&gt;</a>&nbsp;&nbsp;&nbsp;M_Angle_control
</UL>
<BR>[Called By]<UL><LI><a href="#[80]">&gt;&gt;</a>&nbsp;&nbsp;&nbsp;rainbow
<LI><a href="#[81]">&gt;&gt;</a>&nbsp;&nbsp;&nbsp;de_ja_vu_5
<LI><a href="#[13f]">&gt;&gt;</a>&nbsp;&nbsp;&nbsp;rainbow_2
<LI><a href="#[12d]">&gt;&gt;</a>&nbsp;&nbsp;&nbsp;de_ja_vu_4
<LI><a href="#[11d]">&gt;&gt;</a>&nbsp;&nbsp;&nbsp;De_ja_vu
</UL>

<P><STRONG><a name="[11c]"></a>clear_edge_2</STRONG> (Thumb, 548 bytes, Stack size 16 bytes, move_basic.o(.text))
<BR><BR>[Stack]<UL><LI>Max Depth = 216<LI>Call Chain = clear_edge_2 &rArr; line_move_control &rArr; M_Angle_control &rArr; Angle_control &rArr; __aeabi_dmul
</UL>
<BR>[Calls]<UL><LI><a href="#[113]">&gt;&gt;</a>&nbsp;&nbsp;&nbsp;line_move_control
</UL>
<BR>[Called By]<UL><LI><a href="#[81]">&gt;&gt;</a>&nbsp;&nbsp;&nbsp;de_ja_vu_5
<LI><a href="#[12d]">&gt;&gt;</a>&nbsp;&nbsp;&nbsp;de_ja_vu_4
</UL>

<P><STRONG><a name="[11d]"></a>De_ja_vu</STRONG> (Thumb, 56 bytes, Stack size 16 bytes, move_basic.o(.text), UNUSED)
<BR><BR>[Calls]<UL><LI><a href="#[87]">&gt;&gt;</a>&nbsp;&nbsp;&nbsp;My_circle
<LI><a href="#[11b]">&gt;&gt;</a>&nbsp;&nbsp;&nbsp;clear_edge
</UL>
<BR>[Called By]<UL><LI><a href="#[12c]">&gt;&gt;</a>&nbsp;&nbsp;&nbsp;De_ja_vu_2
</UL>

<P><STRONG><a name="[11e]"></a>Ready_to_Endgame_2</STRONG> (Thumb, 3268 bytes, Stack size 32 bytes, move_basic.o(.text), UNUSED)
<BR><BR>[Calls]<UL><LI><a href="#[87]">&gt;&gt;</a>&nbsp;&nbsp;&nbsp;My_circle
<LI><a href="#[10e]">&gt;&gt;</a>&nbsp;&nbsp;&nbsp;M_Angle_control
<LI><a href="#[10c]">&gt;&gt;</a>&nbsp;&nbsp;&nbsp;closest_wall
</UL>

<P><STRONG><a name="[11f]"></a>get_distance</STRONG> (Thumb, 134 bytes, Stack size 40 bytes, move_basic.o(.text))
<BR><BR>[Stack]<UL><LI>Max Depth = 112<LI>Call Chain = get_distance &rArr; __hardfp_sqrt &rArr; _dsqrt &rArr; __fpl_dnaninf
</UL>
<BR>[Calls]<UL><LI><a href="#[ed]">&gt;&gt;</a>&nbsp;&nbsp;&nbsp;__hardfp_sqrt
<LI><a href="#[a1]">&gt;&gt;</a>&nbsp;&nbsp;&nbsp;__aeabi_f2d
<LI><a href="#[a6]">&gt;&gt;</a>&nbsp;&nbsp;&nbsp;__aeabi_d2f
</UL>
<BR>[Called By]<UL><LI><a href="#[85]">&gt;&gt;</a>&nbsp;&nbsp;&nbsp;Ready_to_Endgame_3
</UL>

<P><STRONG><a name="[85]"></a>Ready_to_Endgame_3</STRONG> (Thumb, 704 bytes, Stack size 16 bytes, move_basic.o(.text))
<BR><BR>[Stack]<UL><LI>Max Depth = 232<LI>Call Chain = Ready_to_Endgame_3 &rArr; My_circle &rArr; M_Angle_control &rArr; Angle_control &rArr; __aeabi_dmul
</UL>
<BR>[Calls]<UL><LI><a href="#[87]">&gt;&gt;</a>&nbsp;&nbsp;&nbsp;My_circle
<LI><a href="#[75]">&gt;&gt;</a>&nbsp;&nbsp;&nbsp;GPIO_ReadInputDataBit
<LI><a href="#[11f]">&gt;&gt;</a>&nbsp;&nbsp;&nbsp;get_distance
<LI><a href="#[10e]">&gt;&gt;</a>&nbsp;&nbsp;&nbsp;M_Angle_control
<LI><a href="#[10c]">&gt;&gt;</a>&nbsp;&nbsp;&nbsp;closest_wall
</UL>
<BR>[Called By]<UL><LI><a href="#[6e]">&gt;&gt;</a>&nbsp;&nbsp;&nbsp;main
</UL>

<P><STRONG><a name="[120]"></a>laser_line</STRONG> (Thumb, 154 bytes, Stack size 24 bytes, move_basic.o(.text), UNUSED)
<BR><BR>[Calls]<UL><LI><a href="#[10e]">&gt;&gt;</a>&nbsp;&nbsp;&nbsp;M_Angle_control
</UL>
<BR>[Called By]<UL><LI><a href="#[139]">&gt;&gt;</a>&nbsp;&nbsp;&nbsp;Laser_edge
<LI><a href="#[121]">&gt;&gt;</a>&nbsp;&nbsp;&nbsp;Ready_to_Endgame_4
</UL>

<P><STRONG><a name="[121]"></a>Ready_to_Endgame_4</STRONG> (Thumb, 438 bytes, Stack size 32 bytes, move_basic.o(.text), UNUSED)
<BR><BR>[Calls]<UL><LI><a href="#[87]">&gt;&gt;</a>&nbsp;&nbsp;&nbsp;My_circle
<LI><a href="#[120]">&gt;&gt;</a>&nbsp;&nbsp;&nbsp;laser_line
<LI><a href="#[10c]">&gt;&gt;</a>&nbsp;&nbsp;&nbsp;closest_wall
<LI><a href="#[b0]">&gt;&gt;</a>&nbsp;&nbsp;&nbsp;__hardfp_fabs
<LI><a href="#[a1]">&gt;&gt;</a>&nbsp;&nbsp;&nbsp;__aeabi_f2d
<LI><a href="#[b1]">&gt;&gt;</a>&nbsp;&nbsp;&nbsp;__aeabi_cdcmple
</UL>

<P><STRONG><a name="[122]"></a>Lingyuan_yousa_1</STRONG> (Thumb, 630 bytes, Stack size 96 bytes, move_basic.o(.text), UNUSED)
<BR><BR>[Calls]<UL><LI><a href="#[111]">&gt;&gt;</a>&nbsp;&nbsp;&nbsp;Angle_generator
<LI><a href="#[10c]">&gt;&gt;</a>&nbsp;&nbsp;&nbsp;closest_wall
<LI><a href="#[a2]">&gt;&gt;</a>&nbsp;&nbsp;&nbsp;__hardfp_sin
<LI><a href="#[a4]">&gt;&gt;</a>&nbsp;&nbsp;&nbsp;__hardfp_cos
<LI><a href="#[a1]">&gt;&gt;</a>&nbsp;&nbsp;&nbsp;__aeabi_f2d
<LI><a href="#[10a]">&gt;&gt;</a>&nbsp;&nbsp;&nbsp;__aeabi_cdrcmple
<LI><a href="#[a3]">&gt;&gt;</a>&nbsp;&nbsp;&nbsp;__aeabi_dmul
<LI><a href="#[123]">&gt;&gt;</a>&nbsp;&nbsp;&nbsp;__aeabi_ddiv
<LI><a href="#[a5]">&gt;&gt;</a>&nbsp;&nbsp;&nbsp;__aeabi_dsub
<LI><a href="#[a7]">&gt;&gt;</a>&nbsp;&nbsp;&nbsp;__aeabi_dadd
<LI><a href="#[a6]">&gt;&gt;</a>&nbsp;&nbsp;&nbsp;__aeabi_d2f
</UL>

<P><STRONG><a name="[124]"></a>Lingyuan_yousa_2</STRONG> (Thumb, 694 bytes, Stack size 96 bytes, move_basic.o(.text), UNUSED)
<BR><BR>[Calls]<UL><LI><a href="#[111]">&gt;&gt;</a>&nbsp;&nbsp;&nbsp;Angle_generator
<LI><a href="#[10c]">&gt;&gt;</a>&nbsp;&nbsp;&nbsp;closest_wall
<LI><a href="#[a2]">&gt;&gt;</a>&nbsp;&nbsp;&nbsp;__hardfp_sin
<LI><a href="#[a4]">&gt;&gt;</a>&nbsp;&nbsp;&nbsp;__hardfp_cos
<LI><a href="#[a1]">&gt;&gt;</a>&nbsp;&nbsp;&nbsp;__aeabi_f2d
<LI><a href="#[10a]">&gt;&gt;</a>&nbsp;&nbsp;&nbsp;__aeabi_cdrcmple
<LI><a href="#[a3]">&gt;&gt;</a>&nbsp;&nbsp;&nbsp;__aeabi_dmul
<LI><a href="#[123]">&gt;&gt;</a>&nbsp;&nbsp;&nbsp;__aeabi_ddiv
<LI><a href="#[a5]">&gt;&gt;</a>&nbsp;&nbsp;&nbsp;__aeabi_dsub
<LI><a href="#[a7]">&gt;&gt;</a>&nbsp;&nbsp;&nbsp;__aeabi_dadd
<LI><a href="#[a6]">&gt;&gt;</a>&nbsp;&nbsp;&nbsp;__aeabi_d2f
</UL>

<P><STRONG><a name="[1c2]"></a>angle_range</STRONG> (Thumb, 226 bytes, Stack size 0 bytes, move_basic.o(.text), UNUSED)

<P><STRONG><a name="[129]"></a>stop</STRONG> (Thumb, 28 bytes, Stack size 0 bytes, move_basic.o(.text))
<BR><BR>[Called By]<UL><LI><a href="#[86]">&gt;&gt;</a>&nbsp;&nbsp;&nbsp;I_Am_Champion
<LI><a href="#[138]">&gt;&gt;</a>&nbsp;&nbsp;&nbsp;Arbitrary_square
</UL>

<P><STRONG><a name="[126]"></a>Lengniao_yousa_2</STRONG> (Thumb, 544 bytes, Stack size 72 bytes, move_basic.o(.text))
<BR><BR>[Stack]<UL><LI>Max Depth = 256<LI>Call Chain = Lengniao_yousa_2 &rArr; __hardfp_sin &rArr; __ieee754_rem_pio2 &rArr; __aeabi_dmul
</UL>
<BR>[Calls]<UL><LI><a href="#[111]">&gt;&gt;</a>&nbsp;&nbsp;&nbsp;Angle_generator
<LI><a href="#[ed]">&gt;&gt;</a>&nbsp;&nbsp;&nbsp;__hardfp_sqrt
[...]
<LI><a href="#[124]">&gt;&gt;</a>&nbsp;&nbsp;&nbsp;Lingyuan_yousa_2
<LI><a href="#[122]">&gt;&gt;</a>&nbsp;&nbsp;&nbsp;Lingyuan_yousa_1
<LI><a href="#[11f]">&gt;&gt;</a>&nbsp;&nbsp;&nbsp;get_distance
<LI><a href="#[118]">&gt;&gt;</a>&nbsp;&nbsp;&nbsp;My_ellipse
<LI><a href="#[117]">&gt;&gt;</a>&nbsp;&nbsp;&nbsp;My_back_circle
<LI><a href="#[115]">&gt;&gt;</a>&nbsp;&nbsp;&nbsp;back_line_control
<LI><a href="#[113]">&gt;&gt;</a>&nbsp;&nbsp;&nbsp;line_move_control
<LI><a href="#[125]">&gt;&gt;</a>&nbsp;&nbsp;&nbsp;get_dis
<LI><a href="#[109]">&gt;&gt;</a>&nbsp;&nbsp;&nbsp;Angle_control
</UL>

<P><STRONG><a name="[183]"></a>_d2f</STRONG> (Thumb, 98 bytes, Stack size 32 bytes, d2f.o(x$fpl$d2f), UNUSED)
<BR><BR>[Calls]<UL><LI><a href="#[184]">&gt;&gt;</a>&nbsp;&nbsp;&nbsp;__fpl_fretinf
<LI><a href="#[185]">&gt;&gt;</a>&nbsp;&nbsp;&nbsp;__fpl_dnaninf
</UL>

<P><STRONG><a name="[a7]"></a>__aeabi_dadd</STRONG> (Thumb, 0 bytes, Stack size 16 bytes, daddsub_clz.o(x$fpl$dadd))
<BR><BR>[Stack]<UL><LI>Max Depth = 16<LI>Call Chain = __aeabi_dadd
</UL>
<BR>[Called By]<UL><LI><a href="#[a0]">&gt;&gt;</a>&nbsp;&nbsp;&nbsp;GetXY
<LI><a href="#[13b]">&gt;&gt;</a>&nbsp;&nbsp;&nbsp;KalmanFilter_2
<LI><a href="#[13a]">&gt;&gt;</a>&nbsp;&nbsp;&nbsp;KalmanFilter
<LI><a href="#[137]">&gt;&gt;</a>&nbsp;&nbsp;&nbsp;yousa_while_walking_2
<LI><a href="#[135]">&gt;&gt;</a>&nbsp;&nbsp;&nbsp;yousa_while_walking
<LI><a href="#[131]">&gt;&gt;</a>&nbsp;&nbsp;&nbsp;Compound_polygon
<LI><a href="#[127]">&gt;&gt;</a>&nbsp;&nbsp;&nbsp;Lengniao_yousa
<LI><a href="#[126]">&gt;&gt;</a>&nbsp;&nbsp;&nbsp;Lengniao_yousa_2
<LI><a href="#[124]">&gt;&gt;</a>&nbsp;&nbsp;&nbsp;Lingyuan_yousa_2
<LI><a href="#[122]">&gt;&gt;</a>&nbsp;&nbsp;&nbsp;Lingyuan_yousa_1
<LI><a href="#[10d]">&gt;&gt;</a>&nbsp;&nbsp;&nbsp;All_Function
<LI><a href="#[109]">&gt;&gt;</a>&nbsp;&nbsp;&nbsp;Angle_control
<LI><a href="#[180]">&gt;&gt;</a>&nbsp;&nbsp;&nbsp;__kernel_sin
<LI><a href="#[17f]">&gt;&gt;</a>&nbsp;&nbsp;&nbsp;__ieee754_rem_pio2
<LI><a href="#[178]">&gt;&gt;</a>&nbsp;&nbsp;&nbsp;__kernel_poly
<LI><a href="#[174]">&gt;&gt;</a>&nbsp;&nbsp;&nbsp;__mathlib_dbl_infnan
<LI><a href="#[119]">&gt;&gt;</a>&nbsp;&nbsp;&nbsp;__hardfp_atan
</UL>

<P><STRONG><a name="[186]"></a>_dadd</STRONG> (Thumb, 332 bytes, Stack size 16 bytes, daddsub_clz.o(x$fpl$dadd), UNUSED)
<BR><BR>[Calls]<UL><LI><a href="#[188]">&gt;&gt;</a>&nbsp;&nbsp;&nbsp;__fpl_dretinf
<LI><a href="#[185]">&gt;&gt;</a>&nbsp;&nbsp;&nbsp;__fpl_dnaninf
<LI><a href="#[187]">&gt;&gt;</a>&nbsp;&nbsp;&nbsp;_dsub1
</UL>

<P><STRONG><a name="[18c]"></a>__fpl_dcmp_Inf</STRONG> (Thumb, 24 bytes, Stack size 0 bytes, dcmpi.o(x$fpl$dcmpinf), UNUSED)
<BR><BR>[Called By]<UL><LI><a href="#[18b]">&gt;&gt;</a>&nbsp;&nbsp;&nbsp;_dcmple
</UL>

<P><STRONG><a name="[123]"></a>__aeabi_ddiv</STRONG> (Thumb, 0 bytes, Stack size 32 bytes, ddiv.o(x$fpl$ddiv))
<BR><BR>[Stack]<UL><LI>Max Depth = 32<LI>Call Chain = __aeabi_ddiv
</UL>
<BR>[Called By]<UL><LI><a href="#[13b]">&gt;&gt;</a>&nbsp;&nbsp;&nbsp;KalmanFilter_2
<LI><a href="#[13a]">&gt;&gt;</a>&nbsp;&nbsp;&nbsp;KalmanFilter
<LI><a href="#[124]">&gt;&gt;</a>&nbsp;&nbsp;&nbsp;Lingyuan_yousa_2
<LI><a href="#[122]">&gt;&gt;</a>&nbsp;&nbsp;&nbsp;Lingyuan_yousa_1
<LI><a href="#[17e]">&gt;&gt;</a>&nbsp;&nbsp;&nbsp;__mathlib_dbl_invalid
<LI><a href="#[119]">&gt;&gt;</a>&nbsp;&nbsp;&nbsp;__hardfp_atan
</UL>

<P><STRONG><a name="[189]"></a>_ddiv</STRONG> (Thumb, 552 bytes, Stack size 32 bytes, ddiv.o(x$fpl$ddiv), UNUSED)
<BR><BR>[Calls]<UL><LI><a href="#[188]">&gt;&gt;</a>&nbsp;&nbsp;&nbsp;__fpl_dretinf
<LI><a href="#[185]">&gt;&gt;</a>&nbsp;&nbsp;&nbsp;__fpl_dnaninf
</UL>

<P><STRONG><a name="[108]"></a>__aeabi_d2iz</STRONG> (Thumb, 0 bytes, Stack size 32 bytes, dfix.o(x$fpl$dfix))
<BR><BR>[Stack]<UL><LI>Max Depth = 32<LI>Call Chain = __aeabi_d2iz
</UL>
<BR>[Called By]<UL><LI><a href="#[110]">&gt;&gt;</a>&nbsp;&nbsp;&nbsp;M_Back_control
<LI><a href="#[10e]">&gt;&gt;</a>&nbsp;&nbsp;&nbsp;M_Angle_control
<LI><a href="#[10d]">&gt;&gt;</a>&nbsp;&nbsp;&nbsp;All_Function
<LI><a href="#[3e]">&gt;&gt;</a>&nbsp;&nbsp;&nbsp;TIM5_IRQHandler
<LI><a href="#[17f]">&gt;&gt;</a>&nbsp;&nbsp;&nbsp;__ieee754_rem_pio2
<LI><a href="#[181]">&gt;&gt;</a>&nbsp;&nbsp;&nbsp;__kernel_cos
</UL>

<P><STRONG><a name="[18a]"></a>_dfix</STRONG> (Thumb, 94 bytes, Stack size 32 bytes, dfix.o(x$fpl$dfix), UNUSED)
<BR><BR>[Calls]<UL><LI><a href="#[185]">&gt;&gt;</a>&nbsp;&nbsp;&nbsp;__fpl_dnaninf
</UL>

<P><STRONG><a name="[107]"></a>__aeabi_i2d</STRONG> (Thumb, 0 bytes, Stack size 0 bytes, dflt_clz.o(x$fpl$dflt))
<BR><BR>[Called By]<UL><LI><a href="#[3e]">&gt;&gt;</a>&nbsp;&nbsp;&nbsp;TIM5_IRQHandler
<LI><a href="#[17f]">&gt;&gt;</a>&nbsp;&nbsp;&nbsp;__ieee754_rem_pio2
</UL>

<P><STRONG><a name="[29d]"></a>_dflt</STRONG> (Thumb, 46 bytes, Stack size 0 bytes, dflt_clz.o(x$fpl$dflt), UNUSED)

<P><STRONG><a name="[116]"></a>__aeabi_ui2d</STRONG> (Thumb, 0 bytes, Stack size 0 bytes, dflt_clz.o(x$fpl$dfltu))
<BR><BR>[Called By]<UL><LI><a href="#[7c]">&gt;&gt;</a>&nbsp;&nbsp;&nbsp;laser_refersh
<LI><a href="#[87]">&gt;&gt;</a>&nbsp;&nbsp;&nbsp;My_circle
<LI><a href="#[117]">&gt;&gt;</a>&nbsp;&nbsp;&nbsp;My_back_circle
<LI><a href="#[17f]">&gt;&gt;</a>&nbsp;&nbsp;&nbsp;__ieee754_rem_pio2
</UL>

<P><STRONG><a name="[29e]"></a>_dfltu</STRONG> (Thumb, 38 bytes, Stack size 0 bytes, dflt_clz.o(x$fpl$dfltu), UNUSED)

<P><STRONG><a name="[b1]"></a>__aeabi_cdcmple</STRONG> (Thumb, 0 bytes, Stack size 32 bytes, dleqf.o(x$fpl$dleqf))
<BR><BR>[Stack]<UL><LI>Max Depth = 32<LI>Call Chain = __aeabi_cdcmple
</UL>
<BR>[Called By]<UL><LI><a href="#[ae]">&gt;&gt;</a>&nbsp;&nbsp;&nbsp;CorrectValue
<LI><a href="#[121]">&gt;&gt;</a>&nbsp;&nbsp;&nbsp;Ready_to_Endgame_4
<LI><a href="#[10c]">&gt;&gt;</a>&nbsp;&nbsp;&nbsp;closest_wall
<LI><a href="#[109]">&gt;&gt;</a>&nbsp;&nbsp;&nbsp;Angle_control
</UL>

<P><STRONG><a name="[18b]"></a>_dcmple</STRONG> (Thumb, 120 bytes, Stack size 32 bytes, dleqf.o(x$fpl$dleqf), UNUSED)
<BR><BR>[Calls]<UL><LI><a href="#[185]">&gt;&gt;</a>&nbsp;&nbsp;&nbsp;__fpl_dnaninf
<LI><a href="#[18c]">&gt;&gt;</a>&nbsp;&nbsp;&nbsp;__fpl_dcmp_Inf
</UL>

<P><STRONG><a name="[18f]"></a>__fpl_dcmple_InfNaN</STRONG> (Thumb, 0 bytes, Stack size unknown bytes, dleqf.o(x$fpl$dleqf), UNUSED)
<BR><BR>[Called By]<UL><LI><a href="#[18e]">&gt;&gt;</a>&nbsp;&nbsp;&nbsp;_drcmple
</UL>

<P><STRONG><a name="[a3]"></a>__aeabi_dmul</STRONG> (Thumb, 0 bytes, Stack size 32 bytes, dmul.o(x$fpl$dmul))
<BR><BR>[Stack]<UL><LI>Max Depth = 32<LI>Call Chain = __aeabi_dmul
</UL>
<BR>[Called By]<UL><LI><a href="#[28]">&gt;&gt;</a>&nbsp;&nbsp;&nbsp;TIM2_IRQHandler
<LI><a href="#[a0]">&gt;&gt;</a>&nbsp;&nbsp;&nbsp;GetXY
<LI><a href="#[7c]">&gt;&gt;</a>&nbsp;&nbsp;&nbsp;laser_refersh
<LI><a href="#[13e]">&gt;&gt;</a>&nbsp;&nbsp;&nbsp;round_fire
<LI><a href="#[13b]">&gt;&gt;</a>&nbsp;&nbsp;&nbsp;KalmanFilter_2
<LI><a href="#[13a]">&gt;&gt;</a>&nbsp;&nbsp;&nbsp;KalmanFilter
<LI><a href="#[137]">&gt;&gt;</a>&nbsp;&nbsp;&nbsp;yousa_while_walking_2
<LI><a href="#[135]">&gt;&gt;</a>&nbsp;&nbsp;&nbsp;yousa_while_walking
<LI><a href="#[131]">&gt;&gt;</a>&nbsp;&nbsp;&nbsp;Compound_polygon
<LI><a href="#[130]">&gt;&gt;</a>&nbsp;&nbsp;&nbsp;Tilted_rect_2
<LI><a href="#[12f]">&gt;&gt;</a>&nbsp;&nbsp;&nbsp;Tilted_rect
<LI><a href="#[127]">&gt;&gt;</a>&nbsp;&nbsp;&nbsp;Lengniao_yousa
<LI><a href="#[126]">&gt;&gt;</a>&nbsp;&nbsp;&nbsp;Lengniao_yousa_2
<LI><a href="#[124]">&gt;&gt;</a>&nbsp;&nbsp;&nbsp;Lingyuan_yousa_2
<LI><a href="#[122]">&gt;&gt;</a>&nbsp;&nbsp;&nbsp;Lingyuan_yousa_1
<LI><a href="#[118]">&gt;&gt;</a>&nbsp;&nbsp;&nbsp;My_ellipse
<LI><a href="#[110]">&gt;&gt;</a>&nbsp;&nbsp;&nbsp;M_Back_control
<LI><a href="#[10e]">&gt;&gt;</a>&nbsp;&nbsp;&nbsp;M_Angle_control
<LI><a href="#[10d]">&gt;&gt;</a>&nbsp;&nbsp;&nbsp;All_Function
<LI><a href="#[109]">&gt;&gt;</a>&nbsp;&nbsp;&nbsp;Angle_control
<LI><a href="#[3e]">&gt;&gt;</a>&nbsp;&nbsp;&nbsp;TIM5_IRQHandler
<LI><a href="#[180]">&gt;&gt;</a>&nbsp;&nbsp;&nbsp;__kernel_sin
<LI><a href="#[17f]">&gt;&gt;</a>&nbsp;&nbsp;&nbsp;__ieee754_rem_pio2
<LI><a href="#[178]">&gt;&gt;</a>&nbsp;&nbsp;&nbsp;__kernel_poly
<LI><a href="#[176]">&gt;&gt;</a>&nbsp;&nbsp;&nbsp;__mathlib_dbl_underflow
<LI><a href="#[181]">&gt;&gt;</a>&nbsp;&nbsp;&nbsp;__kernel_cos
<LI><a href="#[119]">&gt;&gt;</a>&nbsp;&nbsp;&nbsp;__hardfp_atan
</UL>

<P><STRONG><a name="[18d]"></a>_dmul</STRONG> (Thumb, 332 bytes, Stack size 32 bytes, dmul.o(x$fpl$dmul), UNUSED)
<BR><BR>[Calls]<UL><LI><a href="#[188]">&gt;&gt;</a>&nbsp;&nbsp;&nbsp;__fpl_dretinf
<LI><a href="#[185]">&gt;&gt;</a>&nbsp;&nbsp;&nbsp;__fpl_dnaninf
</UL>

<P><STRONG><a name="[185]"></a>__fpl_dnaninf</STRONG> (Thumb, 156 bytes, Stack size 16 bytes, dnaninf.o(x$fpl$dnaninf))
<BR><BR>[Stack]<UL><LI>Max Depth = 16<LI>Call Chain = __fpl_dnaninf
</UL>
<BR>[Called By]<UL><LI><a href="#[182]">&gt;&gt;</a>&nbsp;&nbsp;&nbsp;_dsqrt
<LI><a href="#[18d]">&gt;&gt;</a>&nbsp;&nbsp;&nbsp;_dmul
<LI><a href="#[18b]">&gt;&gt;</a>&nbsp;&nbsp;&nbsp;_dcmple
<LI><a href="#[18a]">&gt;&gt;</a>&nbsp;&nbsp;&nbsp;_dfix
<LI><a href="#[189]">&gt;&gt;</a>&nbsp;&nbsp;&nbsp;_ddiv
<LI><a href="#[192]">&gt;&gt;</a>&nbsp;&nbsp;&nbsp;_dsub
<LI><a href="#[186]">&gt;&gt;</a>&nbsp;&nbsp;&nbsp;_dadd
<LI><a href="#[183]">&gt;&gt;</a>&nbsp;&nbsp;&nbsp;_d2f
</UL>

<P><STRONG><a name="[188]"></a>__fpl_dretinf</STRONG> (Thumb, 12 bytes, Stack size 0 bytes, dretinf.o(x$fpl$dretinf), UNUSED)
<BR><BR>[Called By]<UL><LI><a href="#[193]">&gt;&gt;</a>&nbsp;&nbsp;&nbsp;_f2d
<LI><a href="#[18d]">&gt;&gt;</a>&nbsp;&nbsp;&nbsp;_dmul
<LI><a href="#[189]">&gt;&gt;</a>&nbsp;&nbsp;&nbsp;_ddiv
<LI><a href="#[186]">&gt;&gt;</a>&nbsp;&nbsp;&nbsp;_dadd
</UL>

<P><STRONG><a name="[10a]"></a>__aeabi_cdrcmple</STRONG> (Thumb, 0 bytes, Stack size 16 bytes, drleqf.o(x$fpl$drleqf))
<BR><BR>[Stack]<UL><LI>Max Depth = 16<LI>Call Chain = __aeabi_cdrcmple
</UL>
<BR>[Called By]<UL><LI><a href="#[124]">&gt;&gt;</a>&nbsp;&nbsp;&nbsp;Lingyuan_yousa_2
<LI><a href="#[122]">&gt;&gt;</a>&nbsp;&nbsp;&nbsp;Lingyuan_yousa_1
<LI><a href="#[10d]">&gt;&gt;</a>&nbsp;&nbsp;&nbsp;All_Function
<LI><a href="#[10c]">&gt;&gt;</a>&nbsp;&nbsp;&nbsp;closest_wall
<LI><a href="#[109]">&gt;&gt;</a>&nbsp;&nbsp;&nbsp;Angle_control
</UL>

<P><STRONG><a name="[18e]"></a>_drcmple</STRONG> (Thumb, 108 bytes, Stack size 16 bytes, drleqf.o(x$fpl$drleqf), UNUSED)
<BR><BR>[Calls]<UL><LI><a href="#[18f]">&gt;&gt;</a>&nbsp;&nbsp;&nbsp;__fpl_dcmple_InfNaN
</UL>

<P><STRONG><a name="[10b]"></a>__aeabi_drsub</STRONG> (Thumb, 0 bytes, Stack size 8 bytes, daddsub_clz.o(x$fpl$drsb))
<BR><BR>[Stack]<UL><LI>Max Depth = 8<LI>Call Chain = __aeabi_drsub
</UL>
<BR>[Called By]<UL><LI><a href="#[109]">&gt;&gt;</a>&nbsp;&nbsp;&nbsp;Angle_control
<LI><a href="#[180]">&gt;&gt;</a>&nbsp;&nbsp;&nbsp;__kernel_sin
<LI><a href="#[17f]">&gt;&gt;</a>&nbsp;&nbsp;&nbsp;__ieee754_rem_pio2
<LI><a href="#[181]">&gt;&gt;</a>&nbsp;&nbsp;&nbsp;__kernel_cos
<LI><a href="#[119]">&gt;&gt;</a>&nbsp;&nbsp;&nbsp;__hardfp_atan
</UL>

<P><STRONG><a name="[190]"></a>_drsb</STRONG> (Thumb, 22 bytes, Stack size 8 bytes, daddsub_clz.o(x$fpl$drsb), UNUSED)
<BR><BR>[Calls]<UL><LI><a href="#[187]">&gt;&gt;</a>&nbsp;&nbsp;&nbsp;_dsub1
<LI><a href="#[191]">&gt;&gt;</a>&nbsp;&nbsp;&nbsp;_dadd1
</UL>

<P><STRONG><a name="[182]"></a>_dsqrt</STRONG> (Thumb, 404 bytes, Stack size 24 bytes, dsqrt_umaal.o(x$fpl$dsqrt))
<BR><BR>[Stack]<UL><LI>Max Depth = 40<LI>Call Chain = _dsqrt &rArr; __fpl_dnaninf
</UL>
<BR>[Calls]<UL><LI><a href="#[185]">&gt;&gt;</a>&nbsp;&nbsp;&nbsp;__fpl_dnaninf
</UL>
<BR>[Called By]<UL><LI><a href="#[ed]">&gt;&gt;</a>&nbsp;&nbsp;&nbsp;__hardfp_sqrt
</UL>

<P><STRONG><a name="[a5]"></a>__aeabi_dsub</STRONG> (Thumb, 0 bytes, Stack size 32 bytes, daddsub_clz.o(x$fpl$dsub))
<BR><BR>[Stack]<UL><LI>Max Depth = 32<LI>Call Chain = __aeabi_dsub
</UL>
<BR>[Called By]<UL><LI><a href="#[a0]">&gt;&gt;</a>&nbsp;&nbsp;&nbsp;GetXY
<LI><a href="#[87]">&gt;&gt;</a>&nbsp;&nbsp;&nbsp;My_circle
<LI><a href="#[13b]">&gt;&gt;</a>&nbsp;&nbsp;&nbsp;KalmanFilter_2
<LI><a href="#[13a]">&gt;&gt;</a>&nbsp;&nbsp;&nbsp;KalmanFilter
<LI><a href="#[131]">&gt;&gt;</a>&nbsp;&nbsp;&nbsp;Compound_polygon
<LI><a href="#[127]">&gt;&gt;</a>&nbsp;&nbsp;&nbsp;Lengniao_yousa
<LI><a href="#[124]">&gt;&gt;</a>&nbsp;&nbsp;&nbsp;Lingyuan_yousa_2
<LI><a href="#[122]">&gt;&gt;</a>&nbsp;&nbsp;&nbsp;Lingyuan_yousa_1
<LI><a href="#[117]">&gt;&gt;</a>&nbsp;&nbsp;&nbsp;My_back_circle
<LI><a href="#[10d]">&gt;&gt;</a>&nbsp;&nbsp;&nbsp;All_Function
<LI><a href="#[109]">&gt;&gt;</a>&nbsp;&nbsp;&nbsp;Angle_control
<LI><a href="#[180]">&gt;&gt;</a>&nbsp;&nbsp;&nbsp;__kernel_sin
<LI><a href="#[17f]">&gt;&gt;</a>&nbsp;&nbsp;&nbsp;__ieee754_rem_pio2
<LI><a href="#[181]">&gt;&gt;</a>&nbsp;&nbsp;&nbsp;__kernel_cos
<LI><a href="#[119]">&gt;&gt;</a>&nbsp;&nbsp;&nbsp;__hardfp_atan
</UL>

<P><STRONG><a name="[192]"></a>_dsub</STRONG> (Thumb, 464 bytes, Stack size 32 bytes, daddsub_clz.o(x$fpl$dsub), UNUSED)
<BR><BR>[Calls]<UL><LI><a href="#[185]">&gt;&gt;</a>&nbsp;&nbsp;&nbsp;__fpl_dnaninf
<LI><a href="#[191]">&gt;&gt;</a>&nbsp;&nbsp;&nbsp;_dadd1
</UL>

<P><STRONG><a name="[a1]"></a>__aeabi_f2d</STRONG> (Thumb, 0 bytes, Stack size 16 bytes, f2d.o(x$fpl$f2d))
<BR><BR>[Stack]<UL><LI>Max Depth = 16<LI>Call Chain = __aeabi_f2d
</UL>
<BR>[Called By]<UL><LI><a href="#[28]">&gt;&gt;</a>&nbsp;&nbsp;&nbsp;TIM2_IRQHandler
<LI><a href="#[ae]">&gt;&gt;</a>&nbsp;&nbsp;&nbsp;CorrectValue
<LI><a href="#[a0]">&gt;&gt;</a>&nbsp;&nbsp;&nbsp;GetXY
<LI><a href="#[7c]">&gt;&gt;</a>&nbsp;&nbsp;&nbsp;laser_refersh
<LI><a href="#[87]">&gt;&gt;</a>&nbsp;&nbsp;&nbsp;My_circle
<LI><a href="#[86]">&gt;&gt;</a>&nbsp;&nbsp;&nbsp;I_Am_Champion
<LI><a href="#[83]">&gt;&gt;</a>&nbsp;&nbsp;&nbsp;Escape
<LI><a href="#[13e]">&gt;&gt;</a>&nbsp;&nbsp;&nbsp;round_fire
<LI><a href="#[137]">&gt;&gt;</a>&nbsp;&nbsp;&nbsp;yousa_while_walking_2
<LI><a href="#[135]">&gt;&gt;</a>&nbsp;&nbsp;&nbsp;yousa_while_walking
<LI><a href="#[131]">&gt;&gt;</a>&nbsp;&nbsp;&nbsp;Compound_polygon
<LI><a href="#[130]">&gt;&gt;</a>&nbsp;&nbsp;&nbsp;Tilted_rect_2
<LI><a href="#[12f]">&gt;&gt;</a>&nbsp;&nbsp;&nbsp;Tilted_rect
<LI><a href="#[127]">&gt;&gt;</a>&nbsp;&nbsp;&nbsp;Lengniao_yousa
<LI><a href="#[126]">&gt;&gt;</a>&nbsp;&nbsp;&nbsp;Lengniao_yousa_2
<LI><a href="#[124]">&gt;&gt;</a>&nbsp;&nbsp;&nbsp;Lingyuan_yousa_2
<LI><a href="#[122]">&gt;&gt;</a>&nbsp;&nbsp;&nbsp;Lingyuan_yousa_1
<LI><a href="#[121]">&gt;&gt;</a>&nbsp;&nbsp;&nbsp;Ready_to_Endgame_4
<LI><a href="#[11f]">&gt;&gt;</a>&nbsp;&nbsp;&nbsp;get_distance
<LI><a href="#[118]">&gt;&gt;</a>&nbsp;&nbsp;&nbsp;My_ellipse
<LI><a href="#[117]">&gt;&gt;</a>&nbsp;&nbsp;&nbsp;My_back_circle
<LI><a href="#[115]">&gt;&gt;</a>&nbsp;&nbsp;&nbsp;back_line_control
<LI><a href="#[113]">&gt;&gt;</a>&nbsp;&nbsp;&nbsp;line_move_control
<LI><a href="#[110]">&gt;&gt;</a>&nbsp;&nbsp;&nbsp;M_Back_control
<LI><a href="#[10e]">&gt;&gt;</a>&nbsp;&nbsp;&nbsp;M_Angle_control
<LI><a href="#[10c]">&gt;&gt;</a>&nbsp;&nbsp;&nbsp;closest_wall
<LI><a href="#[125]">&gt;&gt;</a>&nbsp;&nbsp;&nbsp;get_dis
<LI><a href="#[109]">&gt;&gt;</a>&nbsp;&nbsp;&nbsp;Angle_control
</UL>

<P><STRONG><a name="[193]"></a>_f2d</STRONG> (Thumb, 86 bytes, Stack size 16 bytes, f2d.o(x$fpl$f2d), UNUSED)
<BR><BR>[Calls]<UL><LI><a href="#[194]">&gt;&gt;</a>&nbsp;&nbsp;&nbsp;__fpl_fnaninf
<LI><a href="#[188]">&gt;&gt;</a>&nbsp;&nbsp;&nbsp;__fpl_dretinf
</UL>

<P><STRONG><a name="[194]"></a>__fpl_fnaninf</STRONG> (Thumb, 140 bytes, Stack size 8 bytes, fnaninf.o(x$fpl$fnaninf), UNUSED)
<BR><BR>[Called By]<UL><LI><a href="#[193]">&gt;&gt;</a>&nbsp;&nbsp;&nbsp;_f2d
</UL>

<P><STRONG><a name="[68]"></a>_fp_init</STRONG> (Thumb, 10 bytes, Stack size 0 bytes, fpinit.o(x$fpl$fpinit))
<BR><BR>[Called By]<UL><LI><a href="#[67]">&gt;&gt;</a>&nbsp;&nbsp;&nbsp;__rt_lib_init_fp_1
</UL>

<P><STRONG><a name="[29f]"></a>__fplib_config_fpu_vfp</STRONG> (Thumb, 0 bytes, Stack size unknown bytes, fpinit.o(x$fpl$fpinit), UNUSED)

<P><STRONG><a name="[2a0]"></a>__fplib_config_pureend_doubles</STRONG> (Thumb, 0 bytes, Stack size unknown bytes, fpinit.o(x$fpl$fpinit), UNUSED)

<P><STRONG><a name="[184]"></a>__fpl_fretinf</STRONG> (Thumb, 10 bytes, Stack size 0 bytes, fretinf.o(x$fpl$fretinf), UNUSED)
<BR><BR>[Called By]<UL><LI><a href="#[183]">&gt;&gt;</a>&nbsp;&nbsp;&nbsp;_d2f
</UL>
<P>
<H3>
Local Symbols
</H3>
<P><STRONG><a name="[88]"></a>SetSysClock</STRONG> (Thumb, 220 bytes, Stack size 12 bytes, system_stm32f4xx.o(.text))
<BR><BR>[Stack]<UL><LI>Max Depth = 12<LI>Call Chain = SetSysClock
</UL>
<BR>[Called By]<UL><LI><a href="#[61]">&gt;&gt;</a>&nbsp;&nbsp;&nbsp;SystemInit
</UL>

<P><STRONG><a name="[5e]"></a>pid_param_init</STRONG> (Thumb, 88 bytes, Stack size 0 bytes, pid.o(.text))
<BR>[Address Reference Count : 1]<UL><LI> pid.o(.text)
</UL>
<P><STRONG><a name="[5f]"></a>pid_reset</STRONG> (Thumb, 14 bytes, Stack size 0 bytes, pid.o(.text))
<BR>[Address Reference Count : 1]<UL><LI> pid.o(.text)
</UL>
<P><STRONG><a name="[60]"></a>pid_calculate</STRONG> (Thumb, 294 bytes, Stack size 0 bytes, pid.o(.text))
<BR>[Address Reference Count : 1]<UL><LI> pid.o(.text)
</UL>
<P><STRONG><a name="[125]"></a>get_dis</STRONG> (Thumb, 238 bytes, Stack size 32 bytes, move_basic.o(.text))
<BR><BR>[Stack]<UL><LI>Max Depth = 104<LI>Call Chain = get_dis &rArr; __hardfp_sqrt &rArr; _dsqrt &rArr; __fpl_dnaninf
</UL>
<BR>[Calls]<UL><LI><a href="#[ed]">&gt;&gt;</a>&nbsp;&nbsp;&nbsp;__hardfp_sqrt
<LI><a href="#[a1]">&gt;&gt;</a>&nbsp;&nbsp;&nbsp;__aeabi_f2d
<LI><a href="#[a6]">&gt;&gt;</a>&nbsp;&nbsp;&nbsp;__aeabi_d2f
</UL>
<BR>[Called By]<UL><LI><a href="#[86]">&gt;&gt;</a>&nbsp;&nbsp;&nbsp;I_Am_Champion
<LI><a href="#[133]">&gt;&gt;</a>&nbsp;&nbsp;&nbsp;Compound_polygon_3
<LI><a href="#[132]">&gt;&gt;</a>&nbsp;&nbsp;&nbsp;Compound_polygon_2
</UL>

<P><STRONG><a name="[161]"></a>TI4_Config</STRONG> (Thumb, 80 bytes, Stack size 20 bytes, stm32f4xx_tim.o(.text))
<BR><BR>[Stack]<UL><LI>Max Depth = 20<LI>Call Chain = TI4_Config
</UL>
<BR>[Called By]<UL><LI><a href="#[101]">&gt;&gt;</a>&nbsp;&nbsp;&nbsp;TIM_ICInit
</UL>

<P><STRONG><a name="[15f]"></a>TI3_Config</STRONG> (Thumb, 72 bytes, Stack size 20 bytes, stm32f4xx_tim.o(.text))
<BR><BR>[Stack]<UL><LI>Max Depth = 20<LI>Call Chain = TI3_Config
</UL>
<BR>[Called By]<UL><LI><a href="#[101]">&gt;&gt;</a>&nbsp;&nbsp;&nbsp;TIM_ICInit
</UL>

<P><STRONG><a name="[15d]"></a>TI2_Config</STRONG> (Thumb, 90 bytes, Stack size 20 bytes, stm32f4xx_tim.o(.text))
<BR><BR>[Stack]<UL><LI>Max Depth = 20<LI>Call Chain = TI2_Config
</UL>
<BR>[Called By]<UL><LI><a href="#[166]">&gt;&gt;</a>&nbsp;&nbsp;&nbsp;TIM_TIxExternalClockConfig
<LI><a href="#[163]">&gt;&gt;</a>&nbsp;&nbsp;&nbsp;TIM_PWMIConfig
<LI><a href="#[101]">&gt;&gt;</a>&nbsp;&nbsp;&nbsp;TIM_ICInit
</UL>

<P><STRONG><a name="[15b]"></a>TI1_Config</STRONG> (Thumb, 58 bytes, Stack size 20 bytes, stm32f4xx_tim.o(.text))
<BR><BR>[Stack]<UL><LI>Max Depth = 20<LI>Call Chain = TI1_Config
</UL>
<BR>[Called By]<UL><LI><a href="#[166]">&gt;&gt;</a>&nbsp;&nbsp;&nbsp;TIM_TIxExternalClockConfig
<LI><a href="#[163]">&gt;&gt;</a>&nbsp;&nbsp;&nbsp;TIM_PWMIConfig
<LI><a href="#[101]">&gt;&gt;</a>&nbsp;&nbsp;&nbsp;TIM_ICInit
</UL>

<P><STRONG><a name="[16d]"></a>CheckITStatus</STRONG> (Thumb, 18 bytes, Stack size 0 bytes, stm32f4xx_can.o(.text))
<BR><BR>[Called By]<UL><LI><a href="#[145]">&gt;&gt;</a>&nbsp;&nbsp;&nbsp;CAN_GetITStatus
</UL>

<P><STRONG><a name="[191]"></a>_dadd1</STRONG> (Thumb, 0 bytes, Stack size unknown bytes, daddsub_clz.o(x$fpl$dadd), UNUSED)
<BR><BR>[Called By]<UL><LI><a href="#[192]">&gt;&gt;</a>&nbsp;&nbsp;&nbsp;_dsub
<LI><a href="#[190]">&gt;&gt;</a>&nbsp;&nbsp;&nbsp;_drsb
</UL>

<P><STRONG><a name="[187]"></a>_dsub1</STRONG> (Thumb, 0 bytes, Stack size unknown bytes, daddsub_clz.o(x$fpl$dsub), UNUSED)
<BR><BR>[Called By]<UL><LI><a href="#[190]">&gt;&gt;</a>&nbsp;&nbsp;&nbsp;_drsb
<LI><a href="#[186]">&gt;&gt;</a>&nbsp;&nbsp;&nbsp;_dadd
</UL>
<P>
<H3>
Undefined Global Symbols
</H3><HR></body></html>
