<html>
<body>
<pre>
<h1>礦ision Build Log</h1>
<h2>Tool Versions:</h2>
IDE-Version: μVision V5.14.0.0
Copyright (C) 2015 ARM Ltd and ARM Germany GmbH. All rights reserved.
License Information: duan HP Inc., HP Inc., LIC=DSNJJ-UV3WS-8WS2D-8UQEP-4BUKG-CFE7M
 
Tool Versions:
Toolchain:       MDK-ARM Professional  Version: 5.14.0.0
Toolchain Path:  C:\Keil_v5\ARM\ARMCC\Bin
C Compiler:      Armcc.exe V5.05 update 1 (build 106)
Assembler:       Armasm.exe V5.05 update 1 (build 106)
Linker/Locator:  ArmLink.exe V5.05 update 1 (build 106)
Library Manager: ArmAr.exe V5.05 update 1 (build 106)
Hex Converter:   FromElf.exe V5.05 update 1 (build 106)
CPU DLL:         SARMCM3.DLL V5.14.0.0
Dialog DLL:      DCM.DLL V1.13.1.0
Target DLL:      Segger\JL2CM3.dll V2.99.13.0
Dialog DLL:      TCM.DLL V1.14.4.0
 
<h2>Project:</h2>
G:\2019省赛\gddd\USER\PWM.uvprojx
Project File Date:  10/22/2019

<h2>Output:</h2>
Build target 'PWM'
compiling main.c...
main.c(50): warning:  #177-D: variable "id" was declared but never referenced
        u8 mode_id=0,state=0,cor_state=1,situation=0,fire_state=0,start=0,id=0;
main.c(51): warning:  #177-D: variable "pwm" was declared but never referenced
        float pwm=1500.f;
main.c(52): warning:  #177-D: variable "pwm2" was declared but never referenced
        float pwm2=1500.f;
main.c: 3 warnings, 0 errors
compiling stm32f4xx_it.c...
compiling system_stm32f4xx.c...
compiling Main_Init.c...
compiling OPS.C...
compiling pwm.c...
compiling lcd.c...
compiling led.c...
compiling key.c...
compiling usart1.c...
compiling timer2.c...
compiling fast_math.c...
compiling usart3.c...
compiling enc.c...
compiling pid.c...
compiling move_basic.c...
..\HARDWARE\MOVE_BASIC\move_basic.c(3104): warning:  #550-D: variable "desire_speed" was set but never used
        int desire_speed;
..\HARDWARE\MOVE_BASIC\move_basic.c(3268): warning:  #550-D: variable "desire_speed" was set but never used
        int desire_speed=0;
..\HARDWARE\MOVE_BASIC\move_basic.c(3596): warning:  #1035-D: single-precision operand implicitly converted to double-precision
                init_angle=real_dis_1>3500?Angle_generator(real_x,real_y,target[id][0],target[id][1]) +180-3.5:
..\HARDWARE\MOVE_BASIC\move_basic.c(3785): warning:  #1035-D: single-precision operand implicitly converted to double-precision
                laser_left=adc_1/i*1.1776;
..\HARDWARE\MOVE_BASIC\move_basic.c(3981): warning:  #1035-D: single-precision operand implicitly converted to double-precision
                motor_pid[0].target=3276.8*dire_lt; 
..\HARDWARE\MOVE_BASIC\move_basic.c(3982): warning:  #1035-D: single-precision operand implicitly converted to double-precision
                motor_pid[1].target=3276.8*dire_rh;          
..\HARDWARE\MOVE_BASIC\move_basic.c: 6 warnings, 0 errors
compiling can.c...
compiling can2.c...
compiling dbus.c...
compiling adc.c...
compiling delay.c...
compiling sys.c...
assembling startup_stm32f40_41xxx.s...
compiling misc.c...
compiling stm32f4xx_gpio.c...
compiling stm32f4xx_usart.c...
compiling stm32f4xx_tim.c...
compiling stm32f4xx_syscfg.c...
compiling stm32f4xx_rcc.c...
compiling stm32f4xx_fsmc.c...
compiling stm32f4xx_adc.c...
compiling stm32f4xx_can.c...
compiling stm32f4xx_dma.c...
linking...
Program Size: Code=77966 RO-data=6978 RW-data=640 ZI-data=2776  
FromELF: creating hex file...
"..\OBJ\PWM.axf" - 0 Error(s), 9 Warning(s).

<h2>Collection of Component include folders:</h2>
  G:\2019省赛\gddd\USER\RTE
  F:\mdk5\Keil\STM32F4xx_DFP\1.0.8\Device\Include

<h2>Collection of Component Files used:</h2>
</pre>
</body>
</html>
